Archive member included to satisfy reference by file (symbol)

d:/quartus/setup/nios2eds/bin/gnu/h-x86_64-mingw32/bin/../lib/gcc/nios2-elf/5.3.0\libgcc.a(lib2-divmod.o)
                              obj/default/hello_world.o (__udivsi3)
d:/quartus/setup/nios2eds/bin/gnu/h-x86_64-mingw32/bin/../lib/gcc/nios2-elf/5.3.0/../../../../../H-x86_64-mingw32/nios2-elf/lib\libc.a(lib_a-strlen.o)
                              obj/default/hello_world.o (strlen)
../test10_bsp/\libhal_bsp.a(alt_load.o)
                              ../test10_bsp//obj/HAL/src/crt0.o (alt_load)
../test10_bsp/\libhal_bsp.a(alt_main.o)
                              ../test10_bsp//obj/HAL/src/crt0.o (alt_main)
../test10_bsp/\libhal_bsp.a(alt_sys_init.o)
                              ../test10_bsp/\libhal_bsp.a(alt_main.o) (alt_irq_init)
../test10_bsp/\libhal_bsp.a(altera_avalon_jtag_uart_fd.o)
                              ../test10_bsp/\libhal_bsp.a(alt_sys_init.o) (altera_avalon_jtag_uart_read_fd)
../test10_bsp/\libhal_bsp.a(altera_avalon_jtag_uart_init.o)
                              ../test10_bsp/\libhal_bsp.a(alt_sys_init.o) (altera_avalon_jtag_uart_init)
../test10_bsp/\libhal_bsp.a(altera_avalon_jtag_uart_ioctl.o)
                              ../test10_bsp/\libhal_bsp.a(altera_avalon_jtag_uart_fd.o) (altera_avalon_jtag_uart_ioctl)
../test10_bsp/\libhal_bsp.a(altera_avalon_jtag_uart_read.o)
                              ../test10_bsp/\libhal_bsp.a(altera_avalon_jtag_uart_fd.o) (altera_avalon_jtag_uart_read)
../test10_bsp/\libhal_bsp.a(altera_avalon_jtag_uart_write.o)
                              ../test10_bsp/\libhal_bsp.a(altera_avalon_jtag_uart_fd.o) (altera_avalon_jtag_uart_write)
../test10_bsp/\libhal_bsp.a(altera_avalon_timer_sc.o)
                              ../test10_bsp/\libhal_bsp.a(alt_sys_init.o) (alt_avalon_timer_sc_init)
../test10_bsp/\libhal_bsp.a(altera_avalon_timer_ts.o)
                              obj/default/hello_world.o (alt_timestamp_start)
../test10_bsp/\libhal_bsp.a(altera_avalon_timer_vars.o)
                              ../test10_bsp/\libhal_bsp.a(alt_sys_init.o) (altera_avalon_timer_ts_base)
../test10_bsp/\libhal_bsp.a(alt_alarm_start.o)
                              ../test10_bsp/\libhal_bsp.a(altera_avalon_jtag_uart_init.o) (alt_alarm_start)
../test10_bsp/\libhal_bsp.a(alt_close.o)
                              ../test10_bsp/\libhal_bsp.a(alt_main.o) (close)
../test10_bsp/\libhal_bsp.a(alt_dcache_flush_all.o)
                              ../test10_bsp/\libhal_bsp.a(alt_load.o) (alt_dcache_flush_all)
../test10_bsp/\libhal_bsp.a(alt_dev.o)
                              ../test10_bsp/\libhal_bsp.a(alt_sys_init.o) (alt_dev_list)
../test10_bsp/\libhal_bsp.a(alt_dev_llist_insert.o)
                              ../test10_bsp/\libhal_bsp.a(alt_sys_init.o) (alt_dev_llist_insert)
../test10_bsp/\libhal_bsp.a(alt_do_ctors.o)
                              ../test10_bsp/\libhal_bsp.a(alt_main.o) (_do_ctors)
../test10_bsp/\libhal_bsp.a(alt_do_dtors.o)
                              ../test10_bsp/\libhal_bsp.a(alt_main.o) (_do_dtors)
../test10_bsp/\libhal_bsp.a(alt_errno.o)
                              ../test10_bsp/\libhal_bsp.a(alt_close.o) (alt_errno)
../test10_bsp/\libhal_bsp.a(alt_icache_flush_all.o)
                              ../test10_bsp/\libhal_bsp.a(alt_load.o) (alt_icache_flush_all)
../test10_bsp/\libhal_bsp.a(alt_iic.o)
                              ../test10_bsp/\libhal_bsp.a(altera_avalon_jtag_uart_init.o) (alt_ic_isr_register)
../test10_bsp/\libhal_bsp.a(alt_iic_isr_register.o)
                              ../test10_bsp/\libhal_bsp.a(alt_iic.o) (alt_iic_isr_register)
../test10_bsp/\libhal_bsp.a(alt_io_redirect.o)
                              ../test10_bsp/\libhal_bsp.a(alt_main.o) (alt_io_redirect)
../test10_bsp/\libhal_bsp.a(alt_irq_entry.o)
                              ../test10_bsp/\libhal_bsp.a(alt_iic_isr_register.o) (alt_irq_entry)
../test10_bsp/\libhal_bsp.a(alt_irq_handler.o)
                              ../test10_bsp/\libhal_bsp.a(alt_iic_isr_register.o) (alt_irq)
../test10_bsp/\libhal_bsp.a(alt_irq_vars.o)
                              ../test10_bsp/\libhal_bsp.a(alt_iic.o) (alt_irq_active)
../test10_bsp/\libhal_bsp.a(alt_open.o)
                              ../test10_bsp/\libhal_bsp.a(alt_io_redirect.o) (open)
../test10_bsp/\libhal_bsp.a(alt_release_fd.o)
                              ../test10_bsp/\libhal_bsp.a(alt_close.o) (alt_release_fd)
../test10_bsp/\libhal_bsp.a(alt_tick.o)
                              ../test10_bsp/\libhal_bsp.a(altera_avalon_jtag_uart_init.o) (_alt_tick_rate)
../test10_bsp/\libhal_bsp.a(altera_nios2_gen2_irq.o)
                              ../test10_bsp/\libhal_bsp.a(alt_sys_init.o) (altera_nios2_gen2_irq_init)
../test10_bsp/\libhal_bsp.a(alt_exception_entry.o)
                              ../test10_bsp/\libhal_bsp.a(alt_irq_entry.o) (alt_exception)
../test10_bsp/\libhal_bsp.a(alt_find_dev.o)
                              ../test10_bsp/\libhal_bsp.a(alt_open.o) (alt_find_dev)
../test10_bsp/\libhal_bsp.a(alt_find_file.o)
                              ../test10_bsp/\libhal_bsp.a(alt_open.o) (alt_find_file)
../test10_bsp/\libhal_bsp.a(alt_get_fd.o)
                              ../test10_bsp/\libhal_bsp.a(alt_open.o) (alt_get_fd)
../test10_bsp/\libhal_bsp.a(alt_icache_flush.o)
                              ../test10_bsp/\libhal_bsp.a(alt_icache_flush_all.o) (alt_icache_flush)
../test10_bsp/\libhal_bsp.a(alt_instruction_exception_entry.o)
                              ../test10_bsp/\libhal_bsp.a(alt_exception_entry.o) (alt_instruction_exception_entry)
d:/quartus/setup/nios2eds/bin/gnu/h-x86_64-mingw32/bin/../lib/gcc/nios2-elf/5.3.0/../../../../../H-x86_64-mingw32/nios2-elf/lib\libc.a(lib_a-atexit.o)
                              ../test10_bsp/\libhal_bsp.a(alt_main.o) (atexit)
d:/quartus/setup/nios2eds/bin/gnu/h-x86_64-mingw32/bin/../lib/gcc/nios2-elf/5.3.0/../../../../../H-x86_64-mingw32/nios2-elf/lib\libc.a(lib_a-exit.o)
                              ../test10_bsp/\libhal_bsp.a(alt_main.o) (exit)
d:/quartus/setup/nios2eds/bin/gnu/h-x86_64-mingw32/bin/../lib/gcc/nios2-elf/5.3.0/../../../../../H-x86_64-mingw32/nios2-elf/lib\libc.a(lib_a-impure.o)
                              d:/quartus/setup/nios2eds/bin/gnu/h-x86_64-mingw32/bin/../lib/gcc/nios2-elf/5.3.0/../../../../../H-x86_64-mingw32/nios2-elf/lib\libc.a(lib_a-exit.o) (_global_impure_ptr)
d:/quartus/setup/nios2eds/bin/gnu/h-x86_64-mingw32/bin/../lib/gcc/nios2-elf/5.3.0/../../../../../H-x86_64-mingw32/nios2-elf/lib\libc.a(lib_a-int_errno.o)
                              ../test10_bsp/\libhal_bsp.a(alt_close.o) (errno)
d:/quartus/setup/nios2eds/bin/gnu/h-x86_64-mingw32/bin/../lib/gcc/nios2-elf/5.3.0/../../../../../H-x86_64-mingw32/nios2-elf/lib\libc.a(lib_a-memcmp.o)
                              ../test10_bsp/\libhal_bsp.a(alt_find_dev.o) (memcmp)
d:/quartus/setup/nios2eds/bin/gnu/h-x86_64-mingw32/bin/../lib/gcc/nios2-elf/5.3.0/../../../../../H-x86_64-mingw32/nios2-elf/lib\libc.a(lib_a-memcpy.o)
                              ../test10_bsp/\libhal_bsp.a(altera_avalon_jtag_uart_read.o) (memcpy)
d:/quartus/setup/nios2eds/bin/gnu/h-x86_64-mingw32/bin/../lib/gcc/nios2-elf/5.3.0/../../../../../H-x86_64-mingw32/nios2-elf/lib\libc.a(lib_a-__atexit.o)
                              d:/quartus/setup/nios2eds/bin/gnu/h-x86_64-mingw32/bin/../lib/gcc/nios2-elf/5.3.0/../../../../../H-x86_64-mingw32/nios2-elf/lib\libc.a(lib_a-atexit.o) (__register_exitproc)
d:/quartus/setup/nios2eds/bin/gnu/h-x86_64-mingw32/bin/../lib/gcc/nios2-elf/5.3.0/../../../../../H-x86_64-mingw32/nios2-elf/lib\libc.a(lib_a-__call_atexit.o)
                              d:/quartus/setup/nios2eds/bin/gnu/h-x86_64-mingw32/bin/../lib/gcc/nios2-elf/5.3.0/../../../../../H-x86_64-mingw32/nios2-elf/lib\libc.a(lib_a-exit.o) (__call_exitprocs)
../test10_bsp/\libhal_bsp.a(alt_exit.o)
                              d:/quartus/setup/nios2eds/bin/gnu/h-x86_64-mingw32/bin/../lib/gcc/nios2-elf/5.3.0/../../../../../H-x86_64-mingw32/nios2-elf/lib\libc.a(lib_a-exit.o) (_exit)

Allocating common symbols
Common symbol       size              file

alt_irq             0x100             ../test10_bsp/\libhal_bsp.a(alt_irq_handler.o)
PWM_state           0x4               obj/default/hello_world.o
now                 0x4               obj/default/hello_world.o
errno               0x4               d:/quartus/setup/nios2eds/bin/gnu/h-x86_64-mingw32/bin/../lib/gcc/nios2-elf/5.3.0/../../../../../H-x86_64-mingw32/nios2-elf/lib\libc.a(lib_a-int_errno.o)
HIGH                0x4               obj/default/hello_world.o
DC                  0x4               obj/default/hello_world.o
wait                0x4               obj/default/hello_world.o
wait_time           0x4               obj/default/hello_world.o
LOW                 0x4               obj/default/hello_world.o
PWM_mark            0x4               obj/default/hello_world.o

Memory Configuration

Name             Origin             Length             Attributes
DMEM             0x0000000000000000 0x0000000004000000
reset            0x0000000004040000 0x0000000000000020
MEMORY           0x0000000004040020 0x0000000000031fe0
*default*        0x0000000000000000 0xffffffffffffffff

Linker script and memory map

LOAD ../test10_bsp//obj/HAL/src/crt0.o
LOAD obj/default/hello_world.o
LOAD d:/quartus/setup/nios2eds/bin/gnu/h-x86_64-mingw32/bin/../lib/gcc/nios2-elf/5.3.0/../../../../../H-x86_64-mingw32/nios2-elf/lib\libstdc++.a
LOAD d:/quartus/setup/nios2eds/bin/gnu/h-x86_64-mingw32/bin/../lib/gcc/nios2-elf/5.3.0/../../../../../H-x86_64-mingw32/nios2-elf/lib\libm.a
LOAD d:/quartus/setup/nios2eds/bin/gnu/h-x86_64-mingw32/bin/../lib/gcc/nios2-elf/5.3.0\libgcc.a
START GROUP
LOAD d:/quartus/setup/nios2eds/bin/gnu/h-x86_64-mingw32/bin/../lib/gcc/nios2-elf/5.3.0/../../../../../H-x86_64-mingw32/nios2-elf/lib\libc.a
LOAD d:/quartus/setup/nios2eds/bin/gnu/h-x86_64-mingw32/bin/../lib/gcc/nios2-elf/5.3.0\libgcc.a
LOAD ../test10_bsp/\libhal_bsp.a
LOAD d:/quartus/setup/nios2eds/bin/gnu/h-x86_64-mingw32/bin/../lib/gcc/nios2-elf/5.3.0/../../../../../H-x86_64-mingw32/nios2-elf/lib\libm.a
END GROUP
LOAD d:/quartus/setup/nios2eds/bin/gnu/h-x86_64-mingw32/bin/../lib/gcc/nios2-elf/5.3.0\libgcc.a
                0x0000000000000000                __alt_mem_DMEM = 0x0
                0x0000000004040000                __alt_mem_MEMORY = 0x4040000

.entry          0x0000000004040000       0x20
 *(.entry)
 .entry         0x0000000004040000       0x20 ../test10_bsp//obj/HAL/src/crt0.o
                0x0000000004040000                __reset

.exceptions     0x0000000004040020      0x224
                0x0000000004040020                PROVIDE (__ram_exceptions_start, ABSOLUTE (.))
                0x0000000004040020                . = ALIGN (0x20)
 *(.irq)
 *(.exceptions.entry.label)
 .exceptions.entry.label
                0x0000000004040020        0x0 ../test10_bsp/\libhal_bsp.a(alt_irq_entry.o)
                0x0000000004040020                alt_irq_entry
 .exceptions.entry.label
                0x0000000004040020        0x0 ../test10_bsp/\libhal_bsp.a(alt_exception_entry.o)
                0x0000000004040020                alt_exception
 *(.exceptions.entry.user)
 *(.exceptions.entry.ecc_fatal)
 *(.exceptions.entry)
 .exceptions.entry
                0x0000000004040020       0x54 ../test10_bsp/\libhal_bsp.a(alt_exception_entry.o)
 *(.exceptions.irqtest.user)
 *(.exceptions.irqtest)
 .exceptions.irqtest
                0x0000000004040074       0x10 ../test10_bsp/\libhal_bsp.a(alt_irq_entry.o)
 *(.exceptions.irqhandler.user)
 *(.exceptions.irqhandler)
 .exceptions.irqhandler
                0x0000000004040084        0x4 ../test10_bsp/\libhal_bsp.a(alt_irq_entry.o)
 *(.exceptions.irqreturn.user)
 *(.exceptions.irqreturn)
 .exceptions.irqreturn
                0x0000000004040088        0x4 ../test10_bsp/\libhal_bsp.a(alt_irq_entry.o)
 *(.exceptions.notirq.label)
 .exceptions.notirq.label
                0x000000000404008c        0x0 ../test10_bsp/\libhal_bsp.a(alt_irq_entry.o)
 *(.exceptions.notirq.user)
 *(.exceptions.notirq)
 .exceptions.notirq
                0x000000000404008c        0x8 ../test10_bsp/\libhal_bsp.a(alt_exception_entry.o)
 *(.exceptions.soft.user)
 *(.exceptions.soft)
 *(.exceptions.unknown.user)
 *(.exceptions.unknown)
 .exceptions.unknown
                0x0000000004040094       0x14 ../test10_bsp/\libhal_bsp.a(alt_exception_entry.o)
 *(.exceptions.exit.label)
 .exceptions.exit.label
                0x00000000040400a8        0x0 ../test10_bsp/\libhal_bsp.a(alt_irq_entry.o)
 .exceptions.exit.label
                0x00000000040400a8        0x0 ../test10_bsp/\libhal_bsp.a(alt_exception_entry.o)
 *(.exceptions.exit.user)
 *(.exceptions.exit)
 .exceptions.exit
                0x00000000040400a8       0x54 ../test10_bsp/\libhal_bsp.a(alt_exception_entry.o)
 *(.exceptions)
 .exceptions    0x00000000040400fc       0xd4 ../test10_bsp/\libhal_bsp.a(alt_irq_handler.o)
                0x00000000040400fc                alt_irq_handler
 .exceptions    0x00000000040401d0       0x74 ../test10_bsp/\libhal_bsp.a(alt_instruction_exception_entry.o)
                0x00000000040401d0                alt_instruction_exception_entry
                0x0000000004040244                PROVIDE (__ram_exceptions_end, ABSOLUTE (.))
                0x0000000004040020                PROVIDE (__flash_exceptions_start, LOADADDR (.exceptions))

.text           0x0000000004040244     0x2c74
                [!provide]                        PROVIDE (stext, ABSOLUTE (.))
 *(.interp)
 *(.hash)
 *(.dynsym)
 *(.dynstr)
 *(.gnu.version)
 *(.gnu.version_d)
 *(.gnu.version_r)
 *(.rel.init)
 *(.rela.init)
 *(.rel.text .rel.text.* .rel.gnu.linkonce.t.*)
 *(.rela.text .rela.text.* .rela.gnu.linkonce.t.*)
 *(.rel.fini)
 *(.rela.fini)
 *(.rel.rodata .rel.rodata.* .rel.gnu.linkonce.r.*)
 *(.rela.rodata .rela.rodata.* .rela.gnu.linkonce.r.*)
 *(.rel.data .rel.data.* .rel.gnu.linkonce.d.*)
 *(.rela.data .rela.data.* .rela.gnu.linkonce.d.*)
 *(.rel.tdata .rel.tdata.* .rel.gnu.linkonce.td.*)
 *(.rela.tdata .rela.tdata.* .rela.gnu.linkonce.td.*)
 *(.rel.tbss .rel.tbss.* .rel.gnu.linkonce.tb.*)
 *(.rela.tbss .rela.tbss.* .rela.gnu.linkonce.tb.*)
 *(.rel.ctors)
 *(.rela.ctors)
 *(.rel.dtors)
 *(.rela.dtors)
 *(.rel.got)
 *(.rela.got)
 *(.rel.sdata .rel.sdata.* .rel.gnu.linkonce.s.*)
 *(.rela.sdata .rela.sdata.* .rela.gnu.linkonce.s.*)
 *(.rel.sbss .rel.sbss.* .rel.gnu.linkonce.sb.*)
 *(.rela.sbss .rela.sbss.* .rela.gnu.linkonce.sb.*)
 *(.rel.sdata2 .rel.sdata2.* .rel.gnu.linkonce.s2.*)
 *(.rela.sdata2 .rela.sdata2.* .rela.gnu.linkonce.s2.*)
 *(.rel.sbss2 .rel.sbss2.* .rel.gnu.linkonce.sb2.*)
 *(.rela.sbss2 .rela.sbss2.* .rela.gnu.linkonce.sb2.*)
 *(.rel.bss .rel.bss.* .rel.gnu.linkonce.b.*)
 *(.rela.bss .rela.bss.* .rela.gnu.linkonce.b.*)
 *(.rel.plt)
 *(.rela.plt)
 *(.rel.dyn)
 *(.init)
 *(.plt)
 *(.text .stub .text.* .gnu.linkonce.t.*)
 .text          0x0000000004040244       0x4c ../test10_bsp//obj/HAL/src/crt0.o
                0x0000000004040244                _start
 .text          0x0000000004040290      0x5f4 obj/default/hello_world.o
                0x0000000004040290                lcd_write
                0x00000000040402ec                lcd_cmd
                0x000000000404032c                lcd_data
                0x000000000404036c                lcd_init
                0x00000000040403b4                lcd_printtext
                0x000000000404042c                lcd_setcursor
                0x00000000040404a4                myusleep
                0x00000000040404f4                update_PWM
                0x0000000004040548                pwm_init
                0x0000000004040594                create_PWM
                0x000000000404060c                display_PWM
                0x0000000004040730                main
 .text          0x0000000004040884      0x1b4 d:/quartus/setup/nios2eds/bin/gnu/h-x86_64-mingw32/bin/../lib/gcc/nios2-elf/5.3.0\libgcc.a(lib2-divmod.o)
                0x0000000004040884                __divsi3
                0x0000000004040908                __modsi3
                0x000000000404097c                __udivsi3
                0x00000000040409e0                __umodsi3
 .text          0x0000000004040a38        0x0 d:/quartus/setup/nios2eds/bin/gnu/h-x86_64-mingw32/bin/../lib/gcc/nios2-elf/5.3.0/../../../../../H-x86_64-mingw32/nios2-elf/lib\libc.a(lib_a-strlen.o)
 .text.strlen   0x0000000004040a38       0x98 d:/quartus/setup/nios2eds/bin/gnu/h-x86_64-mingw32/bin/../lib/gcc/nios2-elf/5.3.0/../../../../../H-x86_64-mingw32/nios2-elf/lib\libc.a(lib_a-strlen.o)
                0x0000000004040a38                strlen
 .text          0x0000000004040ad0       0xec ../test10_bsp/\libhal_bsp.a(alt_load.o)
                0x0000000004040b38                alt_load
 .text          0x0000000004040bbc       0x7c ../test10_bsp/\libhal_bsp.a(alt_main.o)
                0x0000000004040bbc                alt_main
 .text          0x0000000004040c38       0xe8 ../test10_bsp/\libhal_bsp.a(alt_sys_init.o)
                0x0000000004040c6c                alt_irq_init
                0x0000000004040ca4                alt_sys_init
 .text          0x0000000004040d20      0x164 ../test10_bsp/\libhal_bsp.a(altera_avalon_jtag_uart_fd.o)
                0x0000000004040d20                altera_avalon_jtag_uart_read_fd
                0x0000000004040d80                altera_avalon_jtag_uart_write_fd
                0x0000000004040de0                altera_avalon_jtag_uart_close_fd
                0x0000000004040e30                altera_avalon_jtag_uart_ioctl_fd
 .text          0x0000000004040e84      0x3d4 ../test10_bsp/\libhal_bsp.a(altera_avalon_jtag_uart_init.o)
                0x0000000004040e84                altera_avalon_jtag_uart_init
                0x00000000040411f0                altera_avalon_jtag_uart_close
 .text          0x0000000004041258       0xf0 ../test10_bsp/\libhal_bsp.a(altera_avalon_jtag_uart_ioctl.o)
                0x0000000004041258                altera_avalon_jtag_uart_ioctl
 .text          0x0000000004041348      0x21c ../test10_bsp/\libhal_bsp.a(altera_avalon_jtag_uart_read.o)
                0x0000000004041348                altera_avalon_jtag_uart_read
 .text          0x0000000004041564      0x224 ../test10_bsp/\libhal_bsp.a(altera_avalon_jtag_uart_write.o)
                0x0000000004041564                altera_avalon_jtag_uart_write
 .text          0x0000000004041788       0xf4 ../test10_bsp/\libhal_bsp.a(altera_avalon_timer_sc.o)
                0x0000000004041800                alt_avalon_timer_sc_init
 .text          0x000000000404187c      0x118 ../test10_bsp/\libhal_bsp.a(altera_avalon_timer_ts.o)
                0x000000000404187c                alt_timestamp_start
                0x00000000040418f4                alt_timestamp
                0x0000000004041974                alt_timestamp_freq
 .text          0x0000000004041994        0x0 ../test10_bsp/\libhal_bsp.a(altera_avalon_timer_vars.o)
 .text          0x0000000004041994      0x12c ../test10_bsp/\libhal_bsp.a(alt_alarm_start.o)
                0x0000000004041994                alt_alarm_start
 .text          0x0000000004041ac0      0x10c ../test10_bsp/\libhal_bsp.a(alt_close.o)
                0x0000000004041afc                close
 .text          0x0000000004041bcc       0x48 ../test10_bsp/\libhal_bsp.a(alt_dcache_flush_all.o)
                0x0000000004041bcc                alt_dcache_flush_all
 .text          0x0000000004041c14       0x2c ../test10_bsp/\libhal_bsp.a(alt_dev.o)
 .text          0x0000000004041c40       0xe0 ../test10_bsp/\libhal_bsp.a(alt_dev_llist_insert.o)
                0x0000000004041c7c                alt_dev_llist_insert
 .text          0x0000000004041d20       0x60 ../test10_bsp/\libhal_bsp.a(alt_do_ctors.o)
                0x0000000004041d20                _do_ctors
 .text          0x0000000004041d80       0x60 ../test10_bsp/\libhal_bsp.a(alt_do_dtors.o)
                0x0000000004041d80                _do_dtors
 .text          0x0000000004041de0        0x0 ../test10_bsp/\libhal_bsp.a(alt_errno.o)
 .text          0x0000000004041de0       0x34 ../test10_bsp/\libhal_bsp.a(alt_icache_flush_all.o)
                0x0000000004041de0                alt_icache_flush_all
 .text          0x0000000004041e14      0x1b0 ../test10_bsp/\libhal_bsp.a(alt_iic.o)
                0x0000000004041e14                alt_ic_isr_register
                0x0000000004041e64                alt_ic_irq_enable
                0x0000000004041eec                alt_ic_irq_disable
                0x0000000004041f78                alt_ic_irq_enabled
 .text          0x0000000004041fc4       0xf0 ../test10_bsp/\libhal_bsp.a(alt_iic_isr_register.o)
                0x0000000004041fc4                alt_iic_isr_register
 .text          0x00000000040420b4      0x140 ../test10_bsp/\libhal_bsp.a(alt_io_redirect.o)
                0x0000000004042178                alt_io_redirect
 .text          0x00000000040421f4        0x0 ../test10_bsp/\libhal_bsp.a(alt_irq_entry.o)
 .text          0x00000000040421f4        0x0 ../test10_bsp/\libhal_bsp.a(alt_irq_handler.o)
 .text          0x00000000040421f4        0x0 ../test10_bsp/\libhal_bsp.a(alt_irq_vars.o)
 .text          0x00000000040421f4      0x254 ../test10_bsp/\libhal_bsp.a(alt_open.o)
                0x00000000040422f4                open
 .text          0x0000000004042448       0x64 ../test10_bsp/\libhal_bsp.a(alt_release_fd.o)
                0x0000000004042448                alt_release_fd
 .text          0x00000000040424ac      0x1a4 ../test10_bsp/\libhal_bsp.a(alt_tick.o)
                0x00000000040424ac                alt_alarm_stop
                0x0000000004042548                alt_tick
 .text          0x0000000004042650       0x24 ../test10_bsp/\libhal_bsp.a(altera_nios2_gen2_irq.o)
                0x0000000004042650                altera_nios2_gen2_irq_init
 .text          0x0000000004042674        0x0 ../test10_bsp/\libhal_bsp.a(alt_exception_entry.o)
 .text          0x0000000004042674       0x90 ../test10_bsp/\libhal_bsp.a(alt_find_dev.o)
                0x0000000004042674                alt_find_dev
 .text          0x0000000004042704      0x108 ../test10_bsp/\libhal_bsp.a(alt_find_file.o)
                0x0000000004042704                alt_find_file
 .text          0x000000000404280c       0xa4 ../test10_bsp/\libhal_bsp.a(alt_get_fd.o)
                0x000000000404280c                alt_get_fd
 .text          0x00000000040428b0       0x90 ../test10_bsp/\libhal_bsp.a(alt_icache_flush.o)
                0x00000000040428b0                alt_icache_flush
 .text          0x0000000004042940       0x9c ../test10_bsp/\libhal_bsp.a(alt_instruction_exception_entry.o)
                0x0000000004042940                alt_exception_cause_generated_bad_addr
 .text          0x00000000040429dc        0x0 d:/quartus/setup/nios2eds/bin/gnu/h-x86_64-mingw32/bin/../lib/gcc/nios2-elf/5.3.0/../../../../../H-x86_64-mingw32/nios2-elf/lib\libc.a(lib_a-atexit.o)
 .text.atexit   0x00000000040429dc       0x14 d:/quartus/setup/nios2eds/bin/gnu/h-x86_64-mingw32/bin/../lib/gcc/nios2-elf/5.3.0/../../../../../H-x86_64-mingw32/nios2-elf/lib\libc.a(lib_a-atexit.o)
                0x00000000040429dc                atexit
 .text          0x00000000040429f0        0x0 d:/quartus/setup/nios2eds/bin/gnu/h-x86_64-mingw32/bin/../lib/gcc/nios2-elf/5.3.0/../../../../../H-x86_64-mingw32/nios2-elf/lib\libc.a(lib_a-exit.o)
 .text.exit     0x00000000040429f0       0x38 d:/quartus/setup/nios2eds/bin/gnu/h-x86_64-mingw32/bin/../lib/gcc/nios2-elf/5.3.0/../../../../../H-x86_64-mingw32/nios2-elf/lib\libc.a(lib_a-exit.o)
                0x00000000040429f0                exit
 .text          0x0000000004042a28        0x0 d:/quartus/setup/nios2eds/bin/gnu/h-x86_64-mingw32/bin/../lib/gcc/nios2-elf/5.3.0/../../../../../H-x86_64-mingw32/nios2-elf/lib\libc.a(lib_a-impure.o)
 .text          0x0000000004042a28        0x0 d:/quartus/setup/nios2eds/bin/gnu/h-x86_64-mingw32/bin/../lib/gcc/nios2-elf/5.3.0/../../../../../H-x86_64-mingw32/nios2-elf/lib\libc.a(lib_a-int_errno.o)
 .text          0x0000000004042a28        0x0 d:/quartus/setup/nios2eds/bin/gnu/h-x86_64-mingw32/bin/../lib/gcc/nios2-elf/5.3.0/../../../../../H-x86_64-mingw32/nios2-elf/lib\libc.a(lib_a-memcmp.o)
 .text.memcmp   0x0000000004042a28       0x7c d:/quartus/setup/nios2eds/bin/gnu/h-x86_64-mingw32/bin/../lib/gcc/nios2-elf/5.3.0/../../../../../H-x86_64-mingw32/nios2-elf/lib\libc.a(lib_a-memcmp.o)
                0x0000000004042a28                memcmp
 .text          0x0000000004042aa4        0x0 d:/quartus/setup/nios2eds/bin/gnu/h-x86_64-mingw32/bin/../lib/gcc/nios2-elf/5.3.0/../../../../../H-x86_64-mingw32/nios2-elf/lib\libc.a(lib_a-memcpy.o)
 .text.memcpy   0x0000000004042aa4      0x148 d:/quartus/setup/nios2eds/bin/gnu/h-x86_64-mingw32/bin/../lib/gcc/nios2-elf/5.3.0/../../../../../H-x86_64-mingw32/nios2-elf/lib\libc.a(lib_a-memcpy.o)
                0x0000000004042aa4                memcpy
 .text          0x0000000004042bec        0x0 d:/quartus/setup/nios2eds/bin/gnu/h-x86_64-mingw32/bin/../lib/gcc/nios2-elf/5.3.0/../../../../../H-x86_64-mingw32/nios2-elf/lib\libc.a(lib_a-__atexit.o)
 .text.__register_exitproc
                0x0000000004042bec      0x118 d:/quartus/setup/nios2eds/bin/gnu/h-x86_64-mingw32/bin/../lib/gcc/nios2-elf/5.3.0/../../../../../H-x86_64-mingw32/nios2-elf/lib\libc.a(lib_a-__atexit.o)
                0x0000000004042bec                __register_exitproc
 .text          0x0000000004042d04        0x0 d:/quartus/setup/nios2eds/bin/gnu/h-x86_64-mingw32/bin/../lib/gcc/nios2-elf/5.3.0/../../../../../H-x86_64-mingw32/nios2-elf/lib\libc.a(lib_a-__call_atexit.o)
 .text.__call_exitprocs
                0x0000000004042d04      0x180 d:/quartus/setup/nios2eds/bin/gnu/h-x86_64-mingw32/bin/../lib/gcc/nios2-elf/5.3.0/../../../../../H-x86_64-mingw32/nios2-elf/lib\libc.a(lib_a-__call_atexit.o)
                0x0000000004042d04                __call_exitprocs
 .text          0x0000000004042e84       0x34 ../test10_bsp/\libhal_bsp.a(alt_exit.o)
                0x0000000004042e84                _exit
 *(.gnu.warning.*)
 *(.fini)
                [!provide]                        PROVIDE (__etext, ABSOLUTE (.))
                [!provide]                        PROVIDE (_etext, ABSOLUTE (.))
                [!provide]                        PROVIDE (etext, ABSOLUTE (.))
 *(.eh_frame_hdr)
                0x0000000004042eb8                . = ALIGN (0x4)
                [!provide]                        PROVIDE (__preinit_array_start, ABSOLUTE (.))
 *(.preinit_array)
                [!provide]                        PROVIDE (__preinit_array_end, ABSOLUTE (.))
                [!provide]                        PROVIDE (__init_array_start, ABSOLUTE (.))
 *(.init_array)
                [!provide]                        PROVIDE (__init_array_end, ABSOLUTE (.))
                [!provide]                        PROVIDE (__fini_array_start, ABSOLUTE (.))
 *(.fini_array)
                [!provide]                        PROVIDE (__fini_array_end, ABSOLUTE (.))
 *(.eh_frame)
 *(.gcc_except_table .gcc_except_table.*)
 *(.dynamic)
                0x0000000004042eb8                PROVIDE (__CTOR_LIST__, ABSOLUTE (.))
 *(.ctors)
 *(SORT(.ctors.*))
                0x0000000004042eb8                PROVIDE (__CTOR_END__, ABSOLUTE (.))
                0x0000000004042eb8                PROVIDE (__DTOR_LIST__, ABSOLUTE (.))
 *(.dtors)
 *(SORT(.dtors.*))
                0x0000000004042eb8                PROVIDE (__DTOR_END__, ABSOLUTE (.))
 *(.jcr)
                0x0000000004042eb8                . = ALIGN (0x4)

.rodata         0x0000000000000000       0x3c load address 0x0000000004042eb8
                0x0000000000000000                PROVIDE (__ram_rodata_start, ABSOLUTE (.))
                0x0000000000000000                . = ALIGN (0x4)
 *(.rodata .rodata.* .gnu.linkonce.r.*)
 .rodata        0x0000000000000000        0x2 obj/default/hello_world.o
 *fill*         0x0000000000000002        0x2 
 .rodata        0x0000000000000004       0x11 ../test10_bsp/\libhal_bsp.a(alt_main.o)
 *fill*         0x0000000000000015        0x3 
 .rodata        0x0000000000000018       0x11 ../test10_bsp/\libhal_bsp.a(alt_sys_init.o)
 *fill*         0x0000000000000029        0x3 
 .rodata        0x000000000000002c        0xa ../test10_bsp/\libhal_bsp.a(alt_dev.o)
 *fill*         0x0000000000000036        0x2 
 .rodata.str1.4
                0x0000000000000038        0x4 d:/quartus/setup/nios2eds/bin/gnu/h-x86_64-mingw32/bin/../lib/gcc/nios2-elf/5.3.0/../../../../../H-x86_64-mingw32/nios2-elf/lib\libc.a(lib_a-impure.o)
                                          0x2 (size before relaxing)
 *(.rodata1)
                0x000000000000003c                . = ALIGN (0x4)
                0x000000000000003c                PROVIDE (__ram_rodata_end, ABSOLUTE (.))
                0x0000000004042eb8                PROVIDE (__flash_rodata_start, LOADADDR (.rodata))

.rwdata         0x000000000000003c     0x1694 load address 0x0000000004042ef4
                0x000000000000003c                PROVIDE (__ram_rwdata_start, ABSOLUTE (.))
                0x000000000000003c                . = ALIGN (0x4)
 *(.got.plt)
 *(.got)
 *(.data1)
 *(.data .data.* .gnu.linkonce.d.*)
 .data          0x000000000000003c        0x0 ../test10_bsp//obj/HAL/src/crt0.o
 .data          0x000000000000003c       0x35 obj/default/hello_world.o
                0x000000000000003c                hello
                0x000000000000004c                empty
                0x0000000000000060                paraPWM
 .data          0x0000000000000071        0x0 d:/quartus/setup/nios2eds/bin/gnu/h-x86_64-mingw32/bin/../lib/gcc/nios2-elf/5.3.0\libgcc.a(lib2-divmod.o)
 .data          0x0000000000000071        0x0 d:/quartus/setup/nios2eds/bin/gnu/h-x86_64-mingw32/bin/../lib/gcc/nios2-elf/5.3.0/../../../../../H-x86_64-mingw32/nios2-elf/lib\libc.a(lib_a-strlen.o)
 .data          0x0000000000000071        0x0 ../test10_bsp/\libhal_bsp.a(alt_load.o)
 .data          0x0000000000000071        0x0 ../test10_bsp/\libhal_bsp.a(alt_main.o)
 *fill*         0x0000000000000071        0x3 
 .data          0x0000000000000074     0x1060 ../test10_bsp/\libhal_bsp.a(alt_sys_init.o)
 .data          0x00000000000010d4        0x0 ../test10_bsp/\libhal_bsp.a(altera_avalon_jtag_uart_fd.o)
 .data          0x00000000000010d4        0x0 ../test10_bsp/\libhal_bsp.a(altera_avalon_jtag_uart_init.o)
 .data          0x00000000000010d4        0x0 ../test10_bsp/\libhal_bsp.a(altera_avalon_jtag_uart_ioctl.o)
 .data          0x00000000000010d4        0x0 ../test10_bsp/\libhal_bsp.a(altera_avalon_jtag_uart_read.o)
 .data          0x00000000000010d4        0x0 ../test10_bsp/\libhal_bsp.a(altera_avalon_jtag_uart_write.o)
 .data          0x00000000000010d4        0x0 ../test10_bsp/\libhal_bsp.a(altera_avalon_timer_sc.o)
 .data          0x00000000000010d4        0x0 ../test10_bsp/\libhal_bsp.a(altera_avalon_timer_ts.o)
 .data          0x00000000000010d4        0x0 ../test10_bsp/\libhal_bsp.a(altera_avalon_timer_vars.o)
 .data          0x00000000000010d4        0x0 ../test10_bsp/\libhal_bsp.a(alt_alarm_start.o)
 .data          0x00000000000010d4        0x0 ../test10_bsp/\libhal_bsp.a(alt_close.o)
 .data          0x00000000000010d4        0x0 ../test10_bsp/\libhal_bsp.a(alt_dcache_flush_all.o)
 .data          0x00000000000010d4      0x1a8 ../test10_bsp/\libhal_bsp.a(alt_dev.o)
                0x00000000000010d4                alt_dev_null
                0x00000000000010fc                alt_fd_list
 .data          0x000000000000127c        0x0 ../test10_bsp/\libhal_bsp.a(alt_dev_llist_insert.o)
 .data          0x000000000000127c        0x0 ../test10_bsp/\libhal_bsp.a(alt_do_ctors.o)
 .data          0x000000000000127c        0x0 ../test10_bsp/\libhal_bsp.a(alt_do_dtors.o)
 .data          0x000000000000127c        0x0 ../test10_bsp/\libhal_bsp.a(alt_errno.o)
 .data          0x000000000000127c        0x0 ../test10_bsp/\libhal_bsp.a(alt_icache_flush_all.o)
 .data          0x000000000000127c        0x0 ../test10_bsp/\libhal_bsp.a(alt_iic.o)
 .data          0x000000000000127c        0x0 ../test10_bsp/\libhal_bsp.a(alt_iic_isr_register.o)
 .data          0x000000000000127c        0x0 ../test10_bsp/\libhal_bsp.a(alt_io_redirect.o)
 .data          0x000000000000127c        0x0 ../test10_bsp/\libhal_bsp.a(alt_irq_entry.o)
 .data          0x000000000000127c        0x0 ../test10_bsp/\libhal_bsp.a(alt_irq_handler.o)
 .data          0x000000000000127c        0x0 ../test10_bsp/\libhal_bsp.a(alt_irq_vars.o)
 .data          0x000000000000127c        0x0 ../test10_bsp/\libhal_bsp.a(alt_open.o)
 .data          0x000000000000127c        0x0 ../test10_bsp/\libhal_bsp.a(alt_release_fd.o)
 .data          0x000000000000127c        0x0 ../test10_bsp/\libhal_bsp.a(alt_tick.o)
 .data          0x000000000000127c        0x0 ../test10_bsp/\libhal_bsp.a(altera_nios2_gen2_irq.o)
 .data          0x000000000000127c        0x0 ../test10_bsp/\libhal_bsp.a(alt_exception_entry.o)
 .data          0x000000000000127c        0x0 ../test10_bsp/\libhal_bsp.a(alt_find_dev.o)
 .data          0x000000000000127c        0x0 ../test10_bsp/\libhal_bsp.a(alt_find_file.o)
 .data          0x000000000000127c        0x0 ../test10_bsp/\libhal_bsp.a(alt_get_fd.o)
 .data          0x000000000000127c        0x0 ../test10_bsp/\libhal_bsp.a(alt_icache_flush.o)
 .data          0x000000000000127c        0x0 ../test10_bsp/\libhal_bsp.a(alt_instruction_exception_entry.o)
 .data          0x000000000000127c        0x0 d:/quartus/setup/nios2eds/bin/gnu/h-x86_64-mingw32/bin/../lib/gcc/nios2-elf/5.3.0/../../../../../H-x86_64-mingw32/nios2-elf/lib\libc.a(lib_a-atexit.o)
 .data          0x000000000000127c        0x0 d:/quartus/setup/nios2eds/bin/gnu/h-x86_64-mingw32/bin/../lib/gcc/nios2-elf/5.3.0/../../../../../H-x86_64-mingw32/nios2-elf/lib\libc.a(lib_a-exit.o)
 .data          0x000000000000127c        0x0 d:/quartus/setup/nios2eds/bin/gnu/h-x86_64-mingw32/bin/../lib/gcc/nios2-elf/5.3.0/../../../../../H-x86_64-mingw32/nios2-elf/lib\libc.a(lib_a-impure.o)
 .data.impure_data
                0x000000000000127c      0x424 d:/quartus/setup/nios2eds/bin/gnu/h-x86_64-mingw32/bin/../lib/gcc/nios2-elf/5.3.0/../../../../../H-x86_64-mingw32/nios2-elf/lib\libc.a(lib_a-impure.o)
 .data          0x00000000000016a0        0x0 d:/quartus/setup/nios2eds/bin/gnu/h-x86_64-mingw32/bin/../lib/gcc/nios2-elf/5.3.0/../../../../../H-x86_64-mingw32/nios2-elf/lib\libc.a(lib_a-int_errno.o)
 .data          0x00000000000016a0        0x0 d:/quartus/setup/nios2eds/bin/gnu/h-x86_64-mingw32/bin/../lib/gcc/nios2-elf/5.3.0/../../../../../H-x86_64-mingw32/nios2-elf/lib\libc.a(lib_a-memcmp.o)
 .data          0x00000000000016a0        0x0 d:/quartus/setup/nios2eds/bin/gnu/h-x86_64-mingw32/bin/../lib/gcc/nios2-elf/5.3.0/../../../../../H-x86_64-mingw32/nios2-elf/lib\libc.a(lib_a-memcpy.o)
 .data          0x00000000000016a0        0x0 d:/quartus/setup/nios2eds/bin/gnu/h-x86_64-mingw32/bin/../lib/gcc/nios2-elf/5.3.0/../../../../../H-x86_64-mingw32/nios2-elf/lib\libc.a(lib_a-__atexit.o)
 .data          0x00000000000016a0        0x0 d:/quartus/setup/nios2eds/bin/gnu/h-x86_64-mingw32/bin/../lib/gcc/nios2-elf/5.3.0/../../../../../H-x86_64-mingw32/nios2-elf/lib\libc.a(lib_a-__call_atexit.o)
 .data          0x00000000000016a0        0x0 ../test10_bsp/\libhal_bsp.a(alt_exit.o)
                0x00000000000096a0                _gp = ABSOLUTE ((. + 0x8000))
                [!provide]                        PROVIDE (gp, _gp)
 *(.rwdata .rwdata.*)
 *(.sdata .sdata.* .gnu.linkonce.s.*)
 .sdata         0x00000000000016a0        0x2 obj/default/hello_world.o
                0x00000000000016a0                lcd_state
 *fill*         0x00000000000016a2        0x2 
 .sdata         0x00000000000016a4       0x14 ../test10_bsp/\libhal_bsp.a(alt_dev.o)
                0x00000000000016a4                alt_fs_list
                0x00000000000016ac                alt_dev_list
                0x00000000000016b4                alt_max_fd
 .sdata         0x00000000000016b8        0x4 ../test10_bsp/\libhal_bsp.a(alt_errno.o)
                0x00000000000016b8                alt_errno
 .sdata         0x00000000000016bc        0x4 ../test10_bsp/\libhal_bsp.a(alt_irq_vars.o)
                0x00000000000016bc                alt_priority_mask
 .sdata         0x00000000000016c0        0x8 ../test10_bsp/\libhal_bsp.a(alt_tick.o)
                0x00000000000016c0                alt_alarm_list
 .sdata._global_impure_ptr
                0x00000000000016c8        0x4 d:/quartus/setup/nios2eds/bin/gnu/h-x86_64-mingw32/bin/../lib/gcc/nios2-elf/5.3.0/../../../../../H-x86_64-mingw32/nios2-elf/lib\libc.a(lib_a-impure.o)
                0x00000000000016c8                _global_impure_ptr
 .sdata._impure_ptr
                0x00000000000016cc        0x4 d:/quartus/setup/nios2eds/bin/gnu/h-x86_64-mingw32/bin/../lib/gcc/nios2-elf/5.3.0/../../../../../H-x86_64-mingw32/nios2-elf/lib\libc.a(lib_a-impure.o)
                0x00000000000016cc                _impure_ptr
 *(.sdata2 .sdata2.* .gnu.linkonce.s2.*)
                0x00000000000016d0                . = ALIGN (0x4)
                0x00000000000016d0                _edata = ABSOLUTE (.)
                [!provide]                        PROVIDE (edata, ABSOLUTE (.))
                0x00000000000016d0                PROVIDE (__ram_rwdata_end, ABSOLUTE (.))
                0x0000000004042ef4                PROVIDE (__flash_rwdata_start, LOADADDR (.rwdata))

.bss            0x00000000000016d0      0x160 load address 0x0000000004044588
                0x00000000000016d0                __bss_start = ABSOLUTE (.)
                [!provide]                        PROVIDE (__sbss_start, ABSOLUTE (.))
                [!provide]                        PROVIDE (___sbss_start, ABSOLUTE (.))
 *(.dynsbss)
 *(.sbss .sbss.* .gnu.linkonce.sb.*)
 .sbss          0x00000000000016d0       0x20 obj/default/hello_world.o
                0x00000000000016d0                PWM_state
                0x00000000000016d4                now
                0x00000000000016d8                HIGH
                0x00000000000016dc                DC
                0x00000000000016e0                wait
                0x00000000000016e4                wait_time
                0x00000000000016e8                LOW
                0x00000000000016ec                PWM_mark
 .sbss          0x00000000000016f0        0xc ../test10_bsp/\libhal_bsp.a(alt_main.o)
                0x00000000000016f0                alt_argc
                0x00000000000016f4                alt_argv
                0x00000000000016f8                alt_envp
 .sbss          0x00000000000016fc        0x8 ../test10_bsp/\libhal_bsp.a(altera_avalon_timer_vars.o)
                0x00000000000016fc                altera_avalon_timer_ts_base
                0x0000000000001700                altera_avalon_timer_ts_freq
 .sbss          0x0000000000001704        0x4 ../test10_bsp/\libhal_bsp.a(alt_irq_vars.o)
                0x0000000000001704                alt_irq_active
 .sbss          0x0000000000001708        0x8 ../test10_bsp/\libhal_bsp.a(alt_tick.o)
                0x0000000000001708                _alt_tick_rate
                0x000000000000170c                _alt_nticks
 .sbss          0x0000000000001710        0x4 ../test10_bsp/\libhal_bsp.a(alt_instruction_exception_entry.o)
                0x0000000000001710                alt_instruction_exception_handler
 .sbss          0x0000000000001714        0x4 d:/quartus/setup/nios2eds/bin/gnu/h-x86_64-mingw32/bin/../lib/gcc/nios2-elf/5.3.0/../../../../../H-x86_64-mingw32/nios2-elf/lib\libc.a(lib_a-int_errno.o)
                0x0000000000001714                errno
 *(.sbss2 .sbss2.* .gnu.linkonce.sb2.*)
 *(.scommon)
                [!provide]                        PROVIDE (__sbss_end, ABSOLUTE (.))
                [!provide]                        PROVIDE (___sbss_end, ABSOLUTE (.))
 *(.dynbss)
 *(.bss .bss.* .gnu.linkonce.b.*)
 .bss           0x0000000000001718        0x0 ../test10_bsp//obj/HAL/src/crt0.o
 .bss           0x0000000000001718       0x18 obj/default/hello_world.o
 .bss           0x0000000000001730        0x0 d:/quartus/setup/nios2eds/bin/gnu/h-x86_64-mingw32/bin/../lib/gcc/nios2-elf/5.3.0\libgcc.a(lib2-divmod.o)
 .bss           0x0000000000001730        0x0 d:/quartus/setup/nios2eds/bin/gnu/h-x86_64-mingw32/bin/../lib/gcc/nios2-elf/5.3.0/../../../../../H-x86_64-mingw32/nios2-elf/lib\libc.a(lib_a-strlen.o)
 .bss           0x0000000000001730        0x0 ../test10_bsp/\libhal_bsp.a(alt_load.o)
 .bss           0x0000000000001730        0x0 ../test10_bsp/\libhal_bsp.a(alt_main.o)
 .bss           0x0000000000001730        0x0 ../test10_bsp/\libhal_bsp.a(alt_sys_init.o)
 .bss           0x0000000000001730        0x0 ../test10_bsp/\libhal_bsp.a(altera_avalon_jtag_uart_fd.o)
 .bss           0x0000000000001730        0x0 ../test10_bsp/\libhal_bsp.a(altera_avalon_jtag_uart_init.o)
 .bss           0x0000000000001730        0x0 ../test10_bsp/\libhal_bsp.a(altera_avalon_jtag_uart_ioctl.o)
 .bss           0x0000000000001730        0x0 ../test10_bsp/\libhal_bsp.a(altera_avalon_jtag_uart_read.o)
 .bss           0x0000000000001730        0x0 ../test10_bsp/\libhal_bsp.a(altera_avalon_jtag_uart_write.o)
 .bss           0x0000000000001730        0x0 ../test10_bsp/\libhal_bsp.a(altera_avalon_timer_sc.o)
 .bss           0x0000000000001730        0x0 ../test10_bsp/\libhal_bsp.a(altera_avalon_timer_ts.o)
 .bss           0x0000000000001730        0x0 ../test10_bsp/\libhal_bsp.a(altera_avalon_timer_vars.o)
 .bss           0x0000000000001730        0x0 ../test10_bsp/\libhal_bsp.a(alt_alarm_start.o)
 .bss           0x0000000000001730        0x0 ../test10_bsp/\libhal_bsp.a(alt_close.o)
 .bss           0x0000000000001730        0x0 ../test10_bsp/\libhal_bsp.a(alt_dcache_flush_all.o)
 .bss           0x0000000000001730        0x0 ../test10_bsp/\libhal_bsp.a(alt_dev.o)
 .bss           0x0000000000001730        0x0 ../test10_bsp/\libhal_bsp.a(alt_dev_llist_insert.o)
 .bss           0x0000000000001730        0x0 ../test10_bsp/\libhal_bsp.a(alt_do_ctors.o)
 .bss           0x0000000000001730        0x0 ../test10_bsp/\libhal_bsp.a(alt_do_dtors.o)
 .bss           0x0000000000001730        0x0 ../test10_bsp/\libhal_bsp.a(alt_errno.o)
 .bss           0x0000000000001730        0x0 ../test10_bsp/\libhal_bsp.a(alt_icache_flush_all.o)
 .bss           0x0000000000001730        0x0 ../test10_bsp/\libhal_bsp.a(alt_iic.o)
 .bss           0x0000000000001730        0x0 ../test10_bsp/\libhal_bsp.a(alt_iic_isr_register.o)
 .bss           0x0000000000001730        0x0 ../test10_bsp/\libhal_bsp.a(alt_io_redirect.o)
 .bss           0x0000000000001730        0x0 ../test10_bsp/\libhal_bsp.a(alt_irq_entry.o)
 .bss           0x0000000000001730        0x0 ../test10_bsp/\libhal_bsp.a(alt_irq_handler.o)
 .bss           0x0000000000001730        0x0 ../test10_bsp/\libhal_bsp.a(alt_irq_vars.o)
 .bss           0x0000000000001730        0x0 ../test10_bsp/\libhal_bsp.a(alt_open.o)
 .bss           0x0000000000001730        0x0 ../test10_bsp/\libhal_bsp.a(alt_release_fd.o)
 .bss           0x0000000000001730        0x0 ../test10_bsp/\libhal_bsp.a(alt_tick.o)
 .bss           0x0000000000001730        0x0 ../test10_bsp/\libhal_bsp.a(altera_nios2_gen2_irq.o)
 .bss           0x0000000000001730        0x0 ../test10_bsp/\libhal_bsp.a(alt_exception_entry.o)
 .bss           0x0000000000001730        0x0 ../test10_bsp/\libhal_bsp.a(alt_find_dev.o)
 .bss           0x0000000000001730        0x0 ../test10_bsp/\libhal_bsp.a(alt_find_file.o)
 .bss           0x0000000000001730        0x0 ../test10_bsp/\libhal_bsp.a(alt_get_fd.o)
 .bss           0x0000000000001730        0x0 ../test10_bsp/\libhal_bsp.a(alt_icache_flush.o)
 .bss           0x0000000000001730        0x0 ../test10_bsp/\libhal_bsp.a(alt_instruction_exception_entry.o)
 .bss           0x0000000000001730        0x0 d:/quartus/setup/nios2eds/bin/gnu/h-x86_64-mingw32/bin/../lib/gcc/nios2-elf/5.3.0/../../../../../H-x86_64-mingw32/nios2-elf/lib\libc.a(lib_a-atexit.o)
 .bss           0x0000000000001730        0x0 d:/quartus/setup/nios2eds/bin/gnu/h-x86_64-mingw32/bin/../lib/gcc/nios2-elf/5.3.0/../../../../../H-x86_64-mingw32/nios2-elf/lib\libc.a(lib_a-exit.o)
 .bss           0x0000000000001730        0x0 d:/quartus/setup/nios2eds/bin/gnu/h-x86_64-mingw32/bin/../lib/gcc/nios2-elf/5.3.0/../../../../../H-x86_64-mingw32/nios2-elf/lib\libc.a(lib_a-impure.o)
 .bss           0x0000000000001730        0x0 d:/quartus/setup/nios2eds/bin/gnu/h-x86_64-mingw32/bin/../lib/gcc/nios2-elf/5.3.0/../../../../../H-x86_64-mingw32/nios2-elf/lib\libc.a(lib_a-int_errno.o)
 .bss           0x0000000000001730        0x0 d:/quartus/setup/nios2eds/bin/gnu/h-x86_64-mingw32/bin/../lib/gcc/nios2-elf/5.3.0/../../../../../H-x86_64-mingw32/nios2-elf/lib\libc.a(lib_a-memcmp.o)
 .bss           0x0000000000001730        0x0 d:/quartus/setup/nios2eds/bin/gnu/h-x86_64-mingw32/bin/../lib/gcc/nios2-elf/5.3.0/../../../../../H-x86_64-mingw32/nios2-elf/lib\libc.a(lib_a-memcpy.o)
 .bss           0x0000000000001730        0x0 d:/quartus/setup/nios2eds/bin/gnu/h-x86_64-mingw32/bin/../lib/gcc/nios2-elf/5.3.0/../../../../../H-x86_64-mingw32/nios2-elf/lib\libc.a(lib_a-__atexit.o)
 .bss           0x0000000000001730        0x0 d:/quartus/setup/nios2eds/bin/gnu/h-x86_64-mingw32/bin/../lib/gcc/nios2-elf/5.3.0/../../../../../H-x86_64-mingw32/nios2-elf/lib\libc.a(lib_a-__call_atexit.o)
 .bss           0x0000000000001730        0x0 ../test10_bsp/\libhal_bsp.a(alt_exit.o)
 *(COMMON)
 COMMON         0x0000000000001730      0x100 ../test10_bsp/\libhal_bsp.a(alt_irq_handler.o)
                0x0000000000001730                alt_irq
                0x0000000000001830                . = ALIGN (0x4)
                0x0000000000001830                __bss_end = ABSOLUTE (.)

.DMEM           0x0000000000001830        0x0 load address 0x0000000004044588
                [!provide]                        PROVIDE (_alt_partition_DMEM_start, ABSOLUTE (.))
 *(.DMEM .DMEM. DMEM.*)
                0x0000000000001830                . = ALIGN (0x4)
                [!provide]                        PROVIDE (_alt_partition_DMEM_end, ABSOLUTE (.))
                0x0000000000001830                _end = ABSOLUTE (.)
                0x0000000000001830                end = ABSOLUTE (.)
                0x0000000000001830                __alt_stack_base = ABSOLUTE (.)
                [!provide]                        PROVIDE (_alt_partition_DMEM_load_addr, LOADADDR (.DMEM))

.MEMORY         0x0000000004044588        0x0
                [!provide]                        PROVIDE (_alt_partition_MEMORY_start, ABSOLUTE (.))
 *(.MEMORY .MEMORY. MEMORY.*)
                0x0000000004044588                . = ALIGN (0x4)
                [!provide]                        PROVIDE (_alt_partition_MEMORY_end, ABSOLUTE (.))
                [!provide]                        PROVIDE (_alt_partition_MEMORY_load_addr, LOADADDR (.MEMORY))

.stab
 *(.stab)

.stabstr
 *(.stabstr)

.stab.excl
 *(.stab.excl)

.stab.exclstr
 *(.stab.exclstr)

.stab.index
 *(.stab.index)

.stab.indexstr
 *(.stab.indexstr)

.comment        0x0000000000000000       0x23
 *(.comment)
 .comment       0x0000000000000000       0x23 obj/default/hello_world.o
                                         0x24 (size before relaxing)
 .comment       0x0000000000000023       0x24 d:/quartus/setup/nios2eds/bin/gnu/h-x86_64-mingw32/bin/../lib/gcc/nios2-elf/5.3.0\libgcc.a(lib2-divmod.o)
 .comment       0x0000000000000023       0x24 d:/quartus/setup/nios2eds/bin/gnu/h-x86_64-mingw32/bin/../lib/gcc/nios2-elf/5.3.0/../../../../../H-x86_64-mingw32/nios2-elf/lib\libc.a(lib_a-strlen.o)
 .comment       0x0000000000000023       0x24 ../test10_bsp/\libhal_bsp.a(alt_load.o)
 .comment       0x0000000000000023       0x24 ../test10_bsp/\libhal_bsp.a(alt_main.o)
 .comment       0x0000000000000023       0x24 ../test10_bsp/\libhal_bsp.a(alt_sys_init.o)
 .comment       0x0000000000000023       0x24 ../test10_bsp/\libhal_bsp.a(altera_avalon_jtag_uart_fd.o)
 .comment       0x0000000000000023       0x24 ../test10_bsp/\libhal_bsp.a(altera_avalon_jtag_uart_init.o)
 .comment       0x0000000000000023       0x24 ../test10_bsp/\libhal_bsp.a(altera_avalon_jtag_uart_ioctl.o)
 .comment       0x0000000000000023       0x24 ../test10_bsp/\libhal_bsp.a(altera_avalon_jtag_uart_read.o)
 .comment       0x0000000000000023       0x24 ../test10_bsp/\libhal_bsp.a(altera_avalon_jtag_uart_write.o)
 .comment       0x0000000000000023       0x24 ../test10_bsp/\libhal_bsp.a(altera_avalon_timer_sc.o)
 .comment       0x0000000000000023       0x24 ../test10_bsp/\libhal_bsp.a(altera_avalon_timer_ts.o)
 .comment       0x0000000000000023       0x24 ../test10_bsp/\libhal_bsp.a(altera_avalon_timer_vars.o)
 .comment       0x0000000000000023       0x24 ../test10_bsp/\libhal_bsp.a(alt_alarm_start.o)
 .comment       0x0000000000000023       0x24 ../test10_bsp/\libhal_bsp.a(alt_close.o)
 .comment       0x0000000000000023       0x24 ../test10_bsp/\libhal_bsp.a(alt_dcache_flush_all.o)
 .comment       0x0000000000000023       0x24 ../test10_bsp/\libhal_bsp.a(alt_dev.o)
 .comment       0x0000000000000023       0x24 ../test10_bsp/\libhal_bsp.a(alt_dev_llist_insert.o)
 .comment       0x0000000000000023       0x24 ../test10_bsp/\libhal_bsp.a(alt_do_ctors.o)
 .comment       0x0000000000000023       0x24 ../test10_bsp/\libhal_bsp.a(alt_do_dtors.o)
 .comment       0x0000000000000023       0x24 ../test10_bsp/\libhal_bsp.a(alt_errno.o)
 .comment       0x0000000000000023       0x24 ../test10_bsp/\libhal_bsp.a(alt_icache_flush_all.o)
 .comment       0x0000000000000023       0x24 ../test10_bsp/\libhal_bsp.a(alt_iic.o)
 .comment       0x0000000000000023       0x24 ../test10_bsp/\libhal_bsp.a(alt_iic_isr_register.o)
 .comment       0x0000000000000023       0x24 ../test10_bsp/\libhal_bsp.a(alt_io_redirect.o)
 .comment       0x0000000000000023       0x24 ../test10_bsp/\libhal_bsp.a(alt_irq_handler.o)
 .comment       0x0000000000000023       0x24 ../test10_bsp/\libhal_bsp.a(alt_irq_vars.o)
 .comment       0x0000000000000023       0x24 ../test10_bsp/\libhal_bsp.a(alt_open.o)
 .comment       0x0000000000000023       0x24 ../test10_bsp/\libhal_bsp.a(alt_release_fd.o)
 .comment       0x0000000000000023       0x24 ../test10_bsp/\libhal_bsp.a(alt_tick.o)
 .comment       0x0000000000000023       0x24 ../test10_bsp/\libhal_bsp.a(altera_nios2_gen2_irq.o)
 .comment       0x0000000000000023       0x24 ../test10_bsp/\libhal_bsp.a(alt_find_dev.o)
 .comment       0x0000000000000023       0x24 ../test10_bsp/\libhal_bsp.a(alt_find_file.o)
 .comment       0x0000000000000023       0x24 ../test10_bsp/\libhal_bsp.a(alt_get_fd.o)
 .comment       0x0000000000000023       0x24 ../test10_bsp/\libhal_bsp.a(alt_icache_flush.o)
 .comment       0x0000000000000023       0x24 ../test10_bsp/\libhal_bsp.a(alt_instruction_exception_entry.o)
 .comment       0x0000000000000023       0x24 d:/quartus/setup/nios2eds/bin/gnu/h-x86_64-mingw32/bin/../lib/gcc/nios2-elf/5.3.0/../../../../../H-x86_64-mingw32/nios2-elf/lib\libc.a(lib_a-atexit.o)
 .comment       0x0000000000000023       0x24 d:/quartus/setup/nios2eds/bin/gnu/h-x86_64-mingw32/bin/../lib/gcc/nios2-elf/5.3.0/../../../../../H-x86_64-mingw32/nios2-elf/lib\libc.a(lib_a-exit.o)
 .comment       0x0000000000000023       0x24 d:/quartus/setup/nios2eds/bin/gnu/h-x86_64-mingw32/bin/../lib/gcc/nios2-elf/5.3.0/../../../../../H-x86_64-mingw32/nios2-elf/lib\libc.a(lib_a-impure.o)
 .comment       0x0000000000000023       0x24 d:/quartus/setup/nios2eds/bin/gnu/h-x86_64-mingw32/bin/../lib/gcc/nios2-elf/5.3.0/../../../../../H-x86_64-mingw32/nios2-elf/lib\libc.a(lib_a-int_errno.o)
 .comment       0x0000000000000023       0x24 d:/quartus/setup/nios2eds/bin/gnu/h-x86_64-mingw32/bin/../lib/gcc/nios2-elf/5.3.0/../../../../../H-x86_64-mingw32/nios2-elf/lib\libc.a(lib_a-memcmp.o)
 .comment       0x0000000000000023       0x24 d:/quartus/setup/nios2eds/bin/gnu/h-x86_64-mingw32/bin/../lib/gcc/nios2-elf/5.3.0/../../../../../H-x86_64-mingw32/nios2-elf/lib\libc.a(lib_a-memcpy.o)
 .comment       0x0000000000000023       0x24 d:/quartus/setup/nios2eds/bin/gnu/h-x86_64-mingw32/bin/../lib/gcc/nios2-elf/5.3.0/../../../../../H-x86_64-mingw32/nios2-elf/lib\libc.a(lib_a-__atexit.o)
 .comment       0x0000000000000023       0x24 d:/quartus/setup/nios2eds/bin/gnu/h-x86_64-mingw32/bin/../lib/gcc/nios2-elf/5.3.0/../../../../../H-x86_64-mingw32/nios2-elf/lib\libc.a(lib_a-__call_atexit.o)
 .comment       0x0000000000000023       0x24 ../test10_bsp/\libhal_bsp.a(alt_exit.o)

.debug
 *(.debug)

.line
 *(.line)

.debug_srcinfo
 *(.debug_srcinfo)

.debug_sfnames
 *(.debug_sfnames)

.debug_aranges  0x0000000000000000      0x630
 *(.debug_aranges)
 .debug_aranges
                0x0000000000000000       0x28 ../test10_bsp//obj/HAL/src/crt0.o
 .debug_aranges
                0x0000000000000028       0x20 obj/default/hello_world.o
 .debug_aranges
                0x0000000000000048       0x20 d:/quartus/setup/nios2eds/bin/gnu/h-x86_64-mingw32/bin/../lib/gcc/nios2-elf/5.3.0\libgcc.a(lib2-divmod.o)
 .debug_aranges
                0x0000000000000068       0x20 d:/quartus/setup/nios2eds/bin/gnu/h-x86_64-mingw32/bin/../lib/gcc/nios2-elf/5.3.0/../../../../../H-x86_64-mingw32/nios2-elf/lib\libc.a(lib_a-strlen.o)
 .debug_aranges
                0x0000000000000088       0x20 ../test10_bsp/\libhal_bsp.a(alt_load.o)
 .debug_aranges
                0x00000000000000a8       0x20 ../test10_bsp/\libhal_bsp.a(alt_main.o)
 .debug_aranges
                0x00000000000000c8       0x20 ../test10_bsp/\libhal_bsp.a(alt_sys_init.o)
 .debug_aranges
                0x00000000000000e8       0x20 ../test10_bsp/\libhal_bsp.a(altera_avalon_jtag_uart_fd.o)
 .debug_aranges
                0x0000000000000108       0x20 ../test10_bsp/\libhal_bsp.a(altera_avalon_jtag_uart_init.o)
 .debug_aranges
                0x0000000000000128       0x20 ../test10_bsp/\libhal_bsp.a(altera_avalon_jtag_uart_ioctl.o)
 .debug_aranges
                0x0000000000000148       0x20 ../test10_bsp/\libhal_bsp.a(altera_avalon_jtag_uart_read.o)
 .debug_aranges
                0x0000000000000168       0x20 ../test10_bsp/\libhal_bsp.a(altera_avalon_jtag_uart_write.o)
 .debug_aranges
                0x0000000000000188       0x20 ../test10_bsp/\libhal_bsp.a(altera_avalon_timer_sc.o)
 .debug_aranges
                0x00000000000001a8       0x20 ../test10_bsp/\libhal_bsp.a(altera_avalon_timer_ts.o)
 .debug_aranges
                0x00000000000001c8       0x18 ../test10_bsp/\libhal_bsp.a(altera_avalon_timer_vars.o)
 .debug_aranges
                0x00000000000001e0       0x20 ../test10_bsp/\libhal_bsp.a(alt_alarm_start.o)
 .debug_aranges
                0x0000000000000200       0x20 ../test10_bsp/\libhal_bsp.a(alt_close.o)
 .debug_aranges
                0x0000000000000220       0x20 ../test10_bsp/\libhal_bsp.a(alt_dcache_flush_all.o)
 .debug_aranges
                0x0000000000000240       0x20 ../test10_bsp/\libhal_bsp.a(alt_dev.o)
 .debug_aranges
                0x0000000000000260       0x20 ../test10_bsp/\libhal_bsp.a(alt_dev_llist_insert.o)
 .debug_aranges
                0x0000000000000280       0x20 ../test10_bsp/\libhal_bsp.a(alt_do_ctors.o)
 .debug_aranges
                0x00000000000002a0       0x20 ../test10_bsp/\libhal_bsp.a(alt_do_dtors.o)
 .debug_aranges
                0x00000000000002c0       0x18 ../test10_bsp/\libhal_bsp.a(alt_errno.o)
 .debug_aranges
                0x00000000000002d8       0x20 ../test10_bsp/\libhal_bsp.a(alt_icache_flush_all.o)
 .debug_aranges
                0x00000000000002f8       0x20 ../test10_bsp/\libhal_bsp.a(alt_iic.o)
 .debug_aranges
                0x0000000000000318       0x20 ../test10_bsp/\libhal_bsp.a(alt_iic_isr_register.o)
 .debug_aranges
                0x0000000000000338       0x20 ../test10_bsp/\libhal_bsp.a(alt_io_redirect.o)
 .debug_aranges
                0x0000000000000358       0x30 ../test10_bsp/\libhal_bsp.a(alt_irq_entry.o)
 .debug_aranges
                0x0000000000000388       0x20 ../test10_bsp/\libhal_bsp.a(alt_irq_handler.o)
 .debug_aranges
                0x00000000000003a8       0x18 ../test10_bsp/\libhal_bsp.a(alt_irq_vars.o)
 .debug_aranges
                0x00000000000003c0       0x20 ../test10_bsp/\libhal_bsp.a(alt_open.o)
 .debug_aranges
                0x00000000000003e0       0x20 ../test10_bsp/\libhal_bsp.a(alt_release_fd.o)
 .debug_aranges
                0x0000000000000400       0x20 ../test10_bsp/\libhal_bsp.a(alt_tick.o)
 .debug_aranges
                0x0000000000000420       0x20 ../test10_bsp/\libhal_bsp.a(altera_nios2_gen2_irq.o)
 .debug_aranges
                0x0000000000000440       0x38 ../test10_bsp/\libhal_bsp.a(alt_exception_entry.o)
 .debug_aranges
                0x0000000000000478       0x20 ../test10_bsp/\libhal_bsp.a(alt_find_dev.o)
 .debug_aranges
                0x0000000000000498       0x20 ../test10_bsp/\libhal_bsp.a(alt_find_file.o)
 .debug_aranges
                0x00000000000004b8       0x20 ../test10_bsp/\libhal_bsp.a(alt_get_fd.o)
 .debug_aranges
                0x00000000000004d8       0x20 ../test10_bsp/\libhal_bsp.a(alt_icache_flush.o)
 .debug_aranges
                0x00000000000004f8       0x28 ../test10_bsp/\libhal_bsp.a(alt_instruction_exception_entry.o)
 .debug_aranges
                0x0000000000000520       0x20 d:/quartus/setup/nios2eds/bin/gnu/h-x86_64-mingw32/bin/../lib/gcc/nios2-elf/5.3.0/../../../../../H-x86_64-mingw32/nios2-elf/lib\libc.a(lib_a-atexit.o)
 .debug_aranges
                0x0000000000000540       0x20 d:/quartus/setup/nios2eds/bin/gnu/h-x86_64-mingw32/bin/../lib/gcc/nios2-elf/5.3.0/../../../../../H-x86_64-mingw32/nios2-elf/lib\libc.a(lib_a-exit.o)
 .debug_aranges
                0x0000000000000560       0x18 d:/quartus/setup/nios2eds/bin/gnu/h-x86_64-mingw32/bin/../lib/gcc/nios2-elf/5.3.0/../../../../../H-x86_64-mingw32/nios2-elf/lib\libc.a(lib_a-impure.o)
 .debug_aranges
                0x0000000000000578       0x18 d:/quartus/setup/nios2eds/bin/gnu/h-x86_64-mingw32/bin/../lib/gcc/nios2-elf/5.3.0/../../../../../H-x86_64-mingw32/nios2-elf/lib\libc.a(lib_a-int_errno.o)
 .debug_aranges
                0x0000000000000590       0x20 d:/quartus/setup/nios2eds/bin/gnu/h-x86_64-mingw32/bin/../lib/gcc/nios2-elf/5.3.0/../../../../../H-x86_64-mingw32/nios2-elf/lib\libc.a(lib_a-memcmp.o)
 .debug_aranges
                0x00000000000005b0       0x20 d:/quartus/setup/nios2eds/bin/gnu/h-x86_64-mingw32/bin/../lib/gcc/nios2-elf/5.3.0/../../../../../H-x86_64-mingw32/nios2-elf/lib\libc.a(lib_a-memcpy.o)
 .debug_aranges
                0x00000000000005d0       0x20 d:/quartus/setup/nios2eds/bin/gnu/h-x86_64-mingw32/bin/../lib/gcc/nios2-elf/5.3.0/../../../../../H-x86_64-mingw32/nios2-elf/lib\libc.a(lib_a-__atexit.o)
 .debug_aranges
                0x00000000000005f0       0x20 d:/quartus/setup/nios2eds/bin/gnu/h-x86_64-mingw32/bin/../lib/gcc/nios2-elf/5.3.0/../../../../../H-x86_64-mingw32/nios2-elf/lib\libc.a(lib_a-__call_atexit.o)
 .debug_aranges
                0x0000000000000610       0x20 ../test10_bsp/\libhal_bsp.a(alt_exit.o)

.debug_pubnames
 *(.debug_pubnames)

.debug_info     0x0000000000000000     0x8038
 *(.debug_info .gnu.linkonce.wi.*)
 .debug_info    0x0000000000000000       0x71 ../test10_bsp//obj/HAL/src/crt0.o
 .debug_info    0x0000000000000071      0x449 obj/default/hello_world.o
 .debug_info    0x00000000000004ba      0x2c6 d:/quartus/setup/nios2eds/bin/gnu/h-x86_64-mingw32/bin/../lib/gcc/nios2-elf/5.3.0\libgcc.a(lib2-divmod.o)
 .debug_info    0x0000000000000780       0xe2 d:/quartus/setup/nios2eds/bin/gnu/h-x86_64-mingw32/bin/../lib/gcc/nios2-elf/5.3.0/../../../../../H-x86_64-mingw32/nios2-elf/lib\libc.a(lib_a-strlen.o)
 .debug_info    0x0000000000000862      0x145 ../test10_bsp/\libhal_bsp.a(alt_load.o)
 .debug_info    0x00000000000009a7      0x131 ../test10_bsp/\libhal_bsp.a(alt_main.o)
 .debug_info    0x0000000000000ad8      0x4d9 ../test10_bsp/\libhal_bsp.a(alt_sys_init.o)
 .debug_info    0x0000000000000fb1      0x52e ../test10_bsp/\libhal_bsp.a(altera_avalon_jtag_uart_fd.o)
 .debug_info    0x00000000000014df      0x3a0 ../test10_bsp/\libhal_bsp.a(altera_avalon_jtag_uart_init.o)
 .debug_info    0x000000000000187f      0x280 ../test10_bsp/\libhal_bsp.a(altera_avalon_jtag_uart_ioctl.o)
 .debug_info    0x0000000000001aff      0x345 ../test10_bsp/\libhal_bsp.a(altera_avalon_jtag_uart_read.o)
 .debug_info    0x0000000000001e44      0x340 ../test10_bsp/\libhal_bsp.a(altera_avalon_jtag_uart_write.o)
 .debug_info    0x0000000000002184      0x226 ../test10_bsp/\libhal_bsp.a(altera_avalon_timer_sc.o)
 .debug_info    0x00000000000023aa      0x17b ../test10_bsp/\libhal_bsp.a(altera_avalon_timer_ts.o)
 .debug_info    0x0000000000002525       0xe9 ../test10_bsp/\libhal_bsp.a(altera_avalon_timer_vars.o)
 .debug_info    0x000000000000260e      0x2cc ../test10_bsp/\libhal_bsp.a(alt_alarm_start.o)
 .debug_info    0x00000000000028da      0x321 ../test10_bsp/\libhal_bsp.a(alt_close.o)
 .debug_info    0x0000000000002bfb       0xa5 ../test10_bsp/\libhal_bsp.a(alt_dcache_flush_all.o)
 .debug_info    0x0000000000002ca0      0x49c ../test10_bsp/\libhal_bsp.a(alt_dev.o)
 .debug_info    0x000000000000313c      0x1a9 ../test10_bsp/\libhal_bsp.a(alt_dev_llist_insert.o)
 .debug_info    0x00000000000032e5       0x83 ../test10_bsp/\libhal_bsp.a(alt_do_ctors.o)
 .debug_info    0x0000000000003368       0x83 ../test10_bsp/\libhal_bsp.a(alt_do_dtors.o)
 .debug_info    0x00000000000033eb       0xa6 ../test10_bsp/\libhal_bsp.a(alt_errno.o)
 .debug_info    0x0000000000003491       0x92 ../test10_bsp/\libhal_bsp.a(alt_icache_flush_all.o)
 .debug_info    0x0000000000003523      0x350 ../test10_bsp/\libhal_bsp.a(alt_iic.o)
 .debug_info    0x0000000000003873      0x1ef ../test10_bsp/\libhal_bsp.a(alt_iic_isr_register.o)
 .debug_info    0x0000000000003a62      0x4a5 ../test10_bsp/\libhal_bsp.a(alt_io_redirect.o)
 .debug_info    0x0000000000003f07       0x7a ../test10_bsp/\libhal_bsp.a(alt_irq_entry.o)
 .debug_info    0x0000000000003f81      0x187 ../test10_bsp/\libhal_bsp.a(alt_irq_handler.o)
 .debug_info    0x0000000000004108       0x88 ../test10_bsp/\libhal_bsp.a(alt_irq_vars.o)
 .debug_info    0x0000000000004190      0x3bb ../test10_bsp/\libhal_bsp.a(alt_open.o)
 .debug_info    0x000000000000454b      0x2b0 ../test10_bsp/\libhal_bsp.a(alt_release_fd.o)
 .debug_info    0x00000000000047fb      0x299 ../test10_bsp/\libhal_bsp.a(alt_tick.o)
 .debug_info    0x0000000000004a94       0x92 ../test10_bsp/\libhal_bsp.a(altera_nios2_gen2_irq.o)
 .debug_info    0x0000000000004b26       0x80 ../test10_bsp/\libhal_bsp.a(alt_exception_entry.o)
 .debug_info    0x0000000000004ba6      0x2e9 ../test10_bsp/\libhal_bsp.a(alt_find_dev.o)
 .debug_info    0x0000000000004e8f      0x2e6 ../test10_bsp/\libhal_bsp.a(alt_find_file.o)
 .debug_info    0x0000000000005175      0x310 ../test10_bsp/\libhal_bsp.a(alt_get_fd.o)
 .debug_info    0x0000000000005485       0xdc ../test10_bsp/\libhal_bsp.a(alt_icache_flush.o)
 .debug_info    0x0000000000005561      0x1e7 ../test10_bsp/\libhal_bsp.a(alt_instruction_exception_entry.o)
 .debug_info    0x0000000000005748       0xfe d:/quartus/setup/nios2eds/bin/gnu/h-x86_64-mingw32/bin/../lib/gcc/nios2-elf/5.3.0/../../../../../H-x86_64-mingw32/nios2-elf/lib\libc.a(lib_a-atexit.o)
 .debug_info    0x0000000000005846      0x8e4 d:/quartus/setup/nios2eds/bin/gnu/h-x86_64-mingw32/bin/../lib/gcc/nios2-elf/5.3.0/../../../../../H-x86_64-mingw32/nios2-elf/lib\libc.a(lib_a-exit.o)
 .debug_info    0x000000000000612a      0x8a1 d:/quartus/setup/nios2eds/bin/gnu/h-x86_64-mingw32/bin/../lib/gcc/nios2-elf/5.3.0/../../../../../H-x86_64-mingw32/nios2-elf/lib\libc.a(lib_a-impure.o)
 .debug_info    0x00000000000069cb       0x8a d:/quartus/setup/nios2eds/bin/gnu/h-x86_64-mingw32/bin/../lib/gcc/nios2-elf/5.3.0/../../../../../H-x86_64-mingw32/nios2-elf/lib\libc.a(lib_a-int_errno.o)
 .debug_info    0x0000000000006a55      0x11a d:/quartus/setup/nios2eds/bin/gnu/h-x86_64-mingw32/bin/../lib/gcc/nios2-elf/5.3.0/../../../../../H-x86_64-mingw32/nios2-elf/lib\libc.a(lib_a-memcmp.o)
 .debug_info    0x0000000000006b6f      0x144 d:/quartus/setup/nios2eds/bin/gnu/h-x86_64-mingw32/bin/../lib/gcc/nios2-elf/5.3.0/../../../../../H-x86_64-mingw32/nios2-elf/lib\libc.a(lib_a-memcpy.o)
 .debug_info    0x0000000000006cb3      0x934 d:/quartus/setup/nios2eds/bin/gnu/h-x86_64-mingw32/bin/../lib/gcc/nios2-elf/5.3.0/../../../../../H-x86_64-mingw32/nios2-elf/lib\libc.a(lib_a-__atexit.o)
 .debug_info    0x00000000000075e7      0x965 d:/quartus/setup/nios2eds/bin/gnu/h-x86_64-mingw32/bin/../lib/gcc/nios2-elf/5.3.0/../../../../../H-x86_64-mingw32/nios2-elf/lib\libc.a(lib_a-__call_atexit.o)
 .debug_info    0x0000000000007f4c       0xec ../test10_bsp/\libhal_bsp.a(alt_exit.o)

.debug_abbrev   0x0000000000000000     0x2e26
 *(.debug_abbrev)
 .debug_abbrev  0x0000000000000000       0x12 ../test10_bsp//obj/HAL/src/crt0.o
 .debug_abbrev  0x0000000000000012      0x193 obj/default/hello_world.o
 .debug_abbrev  0x00000000000001a5      0x10e d:/quartus/setup/nios2eds/bin/gnu/h-x86_64-mingw32/bin/../lib/gcc/nios2-elf/5.3.0\libgcc.a(lib2-divmod.o)
 .debug_abbrev  0x00000000000002b3       0x90 d:/quartus/setup/nios2eds/bin/gnu/h-x86_64-mingw32/bin/../lib/gcc/nios2-elf/5.3.0/../../../../../H-x86_64-mingw32/nios2-elf/lib\libc.a(lib_a-strlen.o)
 .debug_abbrev  0x0000000000000343       0x9f ../test10_bsp/\libhal_bsp.a(alt_load.o)
 .debug_abbrev  0x00000000000003e2       0xba ../test10_bsp/\libhal_bsp.a(alt_main.o)
 .debug_abbrev  0x000000000000049c      0x187 ../test10_bsp/\libhal_bsp.a(alt_sys_init.o)
 .debug_abbrev  0x0000000000000623      0x127 ../test10_bsp/\libhal_bsp.a(altera_avalon_jtag_uart_fd.o)
 .debug_abbrev  0x000000000000074a      0x19e ../test10_bsp/\libhal_bsp.a(altera_avalon_jtag_uart_init.o)
 .debug_abbrev  0x00000000000008e8      0x111 ../test10_bsp/\libhal_bsp.a(altera_avalon_jtag_uart_ioctl.o)
 .debug_abbrev  0x00000000000009f9      0x1aa ../test10_bsp/\libhal_bsp.a(altera_avalon_jtag_uart_read.o)
 .debug_abbrev  0x0000000000000ba3      0x1a8 ../test10_bsp/\libhal_bsp.a(altera_avalon_jtag_uart_write.o)
 .debug_abbrev  0x0000000000000d4b      0x155 ../test10_bsp/\libhal_bsp.a(altera_avalon_timer_sc.o)
 .debug_abbrev  0x0000000000000ea0       0xc4 ../test10_bsp/\libhal_bsp.a(altera_avalon_timer_ts.o)
 .debug_abbrev  0x0000000000000f64       0x83 ../test10_bsp/\libhal_bsp.a(altera_avalon_timer_vars.o)
 .debug_abbrev  0x0000000000000fe7      0x162 ../test10_bsp/\libhal_bsp.a(alt_alarm_start.o)
 .debug_abbrev  0x0000000000001149      0x11f ../test10_bsp/\libhal_bsp.a(alt_close.o)
 .debug_abbrev  0x0000000000001268       0x5a ../test10_bsp/\libhal_bsp.a(alt_dcache_flush_all.o)
 .debug_abbrev  0x00000000000012c2       0xd9 ../test10_bsp/\libhal_bsp.a(alt_dev.o)
 .debug_abbrev  0x000000000000139b      0x114 ../test10_bsp/\libhal_bsp.a(alt_dev_llist_insert.o)
 .debug_abbrev  0x00000000000014af       0x79 ../test10_bsp/\libhal_bsp.a(alt_do_ctors.o)
 .debug_abbrev  0x0000000000001528       0x79 ../test10_bsp/\libhal_bsp.a(alt_do_dtors.o)
 .debug_abbrev  0x00000000000015a1       0x5a ../test10_bsp/\libhal_bsp.a(alt_errno.o)
 .debug_abbrev  0x00000000000015fb       0x42 ../test10_bsp/\libhal_bsp.a(alt_icache_flush_all.o)
 .debug_abbrev  0x000000000000163d      0x163 ../test10_bsp/\libhal_bsp.a(alt_iic.o)
 .debug_abbrev  0x00000000000017a0      0x169 ../test10_bsp/\libhal_bsp.a(alt_iic_isr_register.o)
 .debug_abbrev  0x0000000000001909      0x114 ../test10_bsp/\libhal_bsp.a(alt_io_redirect.o)
 .debug_abbrev  0x0000000000001a1d       0x12 ../test10_bsp/\libhal_bsp.a(alt_irq_entry.o)
 .debug_abbrev  0x0000000000001a2f      0x122 ../test10_bsp/\libhal_bsp.a(alt_irq_handler.o)
 .debug_abbrev  0x0000000000001b51       0x40 ../test10_bsp/\libhal_bsp.a(alt_irq_vars.o)
 .debug_abbrev  0x0000000000001b91      0x148 ../test10_bsp/\libhal_bsp.a(alt_open.o)
 .debug_abbrev  0x0000000000001cd9       0xde ../test10_bsp/\libhal_bsp.a(alt_release_fd.o)
 .debug_abbrev  0x0000000000001db7      0x15a ../test10_bsp/\libhal_bsp.a(alt_tick.o)
 .debug_abbrev  0x0000000000001f11       0x42 ../test10_bsp/\libhal_bsp.a(altera_nios2_gen2_irq.o)
 .debug_abbrev  0x0000000000001f53       0x12 ../test10_bsp/\libhal_bsp.a(alt_exception_entry.o)
 .debug_abbrev  0x0000000000001f65       0xf0 ../test10_bsp/\libhal_bsp.a(alt_find_dev.o)
 .debug_abbrev  0x0000000000002055       0xf0 ../test10_bsp/\libhal_bsp.a(alt_find_file.o)
 .debug_abbrev  0x0000000000002145      0x10d ../test10_bsp/\libhal_bsp.a(alt_get_fd.o)
 .debug_abbrev  0x0000000000002252       0x8c ../test10_bsp/\libhal_bsp.a(alt_icache_flush.o)
 .debug_abbrev  0x00000000000022de       0xdc ../test10_bsp/\libhal_bsp.a(alt_instruction_exception_entry.o)
 .debug_abbrev  0x00000000000023ba       0xaa d:/quartus/setup/nios2eds/bin/gnu/h-x86_64-mingw32/bin/../lib/gcc/nios2-elf/5.3.0/../../../../../H-x86_64-mingw32/nios2-elf/lib\libc.a(lib_a-atexit.o)
 .debug_abbrev  0x0000000000002464      0x1e5 d:/quartus/setup/nios2eds/bin/gnu/h-x86_64-mingw32/bin/../lib/gcc/nios2-elf/5.3.0/../../../../../H-x86_64-mingw32/nios2-elf/lib\libc.a(lib_a-exit.o)
 .debug_abbrev  0x0000000000002649      0x18f d:/quartus/setup/nios2eds/bin/gnu/h-x86_64-mingw32/bin/../lib/gcc/nios2-elf/5.3.0/../../../../../H-x86_64-mingw32/nios2-elf/lib\libc.a(lib_a-impure.o)
 .debug_abbrev  0x00000000000027d8       0x37 d:/quartus/setup/nios2eds/bin/gnu/h-x86_64-mingw32/bin/../lib/gcc/nios2-elf/5.3.0/../../../../../H-x86_64-mingw32/nios2-elf/lib\libc.a(lib_a-int_errno.o)
 .debug_abbrev  0x000000000000280f       0x7f d:/quartus/setup/nios2eds/bin/gnu/h-x86_64-mingw32/bin/../lib/gcc/nios2-elf/5.3.0/../../../../../H-x86_64-mingw32/nios2-elf/lib\libc.a(lib_a-memcmp.o)
 .debug_abbrev  0x000000000000288e       0xa3 d:/quartus/setup/nios2eds/bin/gnu/h-x86_64-mingw32/bin/../lib/gcc/nios2-elf/5.3.0/../../../../../H-x86_64-mingw32/nios2-elf/lib\libc.a(lib_a-memcpy.o)
 .debug_abbrev  0x0000000000002931      0x21e d:/quartus/setup/nios2eds/bin/gnu/h-x86_64-mingw32/bin/../lib/gcc/nios2-elf/5.3.0/../../../../../H-x86_64-mingw32/nios2-elf/lib\libc.a(lib_a-__atexit.o)
 .debug_abbrev  0x0000000000002b4f      0x22e d:/quartus/setup/nios2eds/bin/gnu/h-x86_64-mingw32/bin/../lib/gcc/nios2-elf/5.3.0/../../../../../H-x86_64-mingw32/nios2-elf/lib\libc.a(lib_a-__call_atexit.o)
 .debug_abbrev  0x0000000000002d7d       0xa9 ../test10_bsp/\libhal_bsp.a(alt_exit.o)

.debug_line     0x0000000000000000     0x2e0a
 *(.debug_line)
 .debug_line    0x0000000000000000       0x72 ../test10_bsp//obj/HAL/src/crt0.o
 .debug_line    0x0000000000000072      0x18b obj/default/hello_world.o
 .debug_line    0x00000000000001fd      0x102 d:/quartus/setup/nios2eds/bin/gnu/h-x86_64-mingw32/bin/../lib/gcc/nios2-elf/5.3.0\libgcc.a(lib2-divmod.o)
 .debug_line    0x00000000000002ff      0x16c d:/quartus/setup/nios2eds/bin/gnu/h-x86_64-mingw32/bin/../lib/gcc/nios2-elf/5.3.0/../../../../../H-x86_64-mingw32/nios2-elf/lib\libc.a(lib_a-strlen.o)
 .debug_line    0x000000000000046b       0x8e ../test10_bsp/\libhal_bsp.a(alt_load.o)
 .debug_line    0x00000000000004f9       0xa4 ../test10_bsp/\libhal_bsp.a(alt_main.o)
 .debug_line    0x000000000000059d      0x154 ../test10_bsp/\libhal_bsp.a(alt_sys_init.o)
 .debug_line    0x00000000000006f1      0x12f ../test10_bsp/\libhal_bsp.a(altera_avalon_jtag_uart_fd.o)
 .debug_line    0x0000000000000820      0x18b ../test10_bsp/\libhal_bsp.a(altera_avalon_jtag_uart_init.o)
 .debug_line    0x00000000000009ab      0x131 ../test10_bsp/\libhal_bsp.a(altera_avalon_jtag_uart_ioctl.o)
 .debug_line    0x0000000000000adc      0x171 ../test10_bsp/\libhal_bsp.a(altera_avalon_jtag_uart_read.o)
 .debug_line    0x0000000000000c4d      0x170 ../test10_bsp/\libhal_bsp.a(altera_avalon_jtag_uart_write.o)
 .debug_line    0x0000000000000dbd       0xfd ../test10_bsp/\libhal_bsp.a(altera_avalon_timer_sc.o)
 .debug_line    0x0000000000000eba       0xdd ../test10_bsp/\libhal_bsp.a(altera_avalon_timer_ts.o)
 .debug_line    0x0000000000000f97       0x8a ../test10_bsp/\libhal_bsp.a(altera_avalon_timer_vars.o)
 .debug_line    0x0000000000001021       0xf9 ../test10_bsp/\libhal_bsp.a(alt_alarm_start.o)
 .debug_line    0x000000000000111a      0x15f ../test10_bsp/\libhal_bsp.a(alt_close.o)
 .debug_line    0x0000000000001279       0x61 ../test10_bsp/\libhal_bsp.a(alt_dcache_flush_all.o)
 .debug_line    0x00000000000012da       0xf2 ../test10_bsp/\libhal_bsp.a(alt_dev.o)
 .debug_line    0x00000000000013cc       0xcf ../test10_bsp/\libhal_bsp.a(alt_dev_llist_insert.o)
 .debug_line    0x000000000000149b       0x59 ../test10_bsp/\libhal_bsp.a(alt_do_ctors.o)
 .debug_line    0x00000000000014f4       0x59 ../test10_bsp/\libhal_bsp.a(alt_do_dtors.o)
 .debug_line    0x000000000000154d       0x51 ../test10_bsp/\libhal_bsp.a(alt_errno.o)
 .debug_line    0x000000000000159e       0x50 ../test10_bsp/\libhal_bsp.a(alt_icache_flush_all.o)
 .debug_line    0x00000000000015ee       0xeb ../test10_bsp/\libhal_bsp.a(alt_iic.o)
 .debug_line    0x00000000000016d9       0xdb ../test10_bsp/\libhal_bsp.a(alt_iic_isr_register.o)
 .debug_line    0x00000000000017b4      0x12d ../test10_bsp/\libhal_bsp.a(alt_io_redirect.o)
 .debug_line    0x00000000000018e1       0x6b ../test10_bsp/\libhal_bsp.a(alt_irq_entry.o)
 .debug_line    0x000000000000194c       0xaa ../test10_bsp/\libhal_bsp.a(alt_irq_handler.o)
 .debug_line    0x00000000000019f6       0x50 ../test10_bsp/\libhal_bsp.a(alt_irq_vars.o)
 .debug_line    0x0000000000001a46      0x128 ../test10_bsp/\libhal_bsp.a(alt_open.o)
 .debug_line    0x0000000000001b6e       0xae ../test10_bsp/\libhal_bsp.a(alt_release_fd.o)
 .debug_line    0x0000000000001c1c       0xff ../test10_bsp/\libhal_bsp.a(alt_tick.o)
 .debug_line    0x0000000000001d1b       0x51 ../test10_bsp/\libhal_bsp.a(altera_nios2_gen2_irq.o)
 .debug_line    0x0000000000001d6c       0xb3 ../test10_bsp/\libhal_bsp.a(alt_exception_entry.o)
 .debug_line    0x0000000000001e1f       0xb5 ../test10_bsp/\libhal_bsp.a(alt_find_dev.o)
 .debug_line    0x0000000000001ed4       0xd1 ../test10_bsp/\libhal_bsp.a(alt_find_file.o)
 .debug_line    0x0000000000001fa5       0xd4 ../test10_bsp/\libhal_bsp.a(alt_get_fd.o)
 .debug_line    0x0000000000002079       0x81 ../test10_bsp/\libhal_bsp.a(alt_icache_flush.o)
 .debug_line    0x00000000000020fa       0xba ../test10_bsp/\libhal_bsp.a(alt_instruction_exception_entry.o)
 .debug_line    0x00000000000021b4       0xe4 d:/quartus/setup/nios2eds/bin/gnu/h-x86_64-mingw32/bin/../lib/gcc/nios2-elf/5.3.0/../../../../../H-x86_64-mingw32/nios2-elf/lib\libc.a(lib_a-atexit.o)
 .debug_line    0x0000000000002298      0x1f9 d:/quartus/setup/nios2eds/bin/gnu/h-x86_64-mingw32/bin/../lib/gcc/nios2-elf/5.3.0/../../../../../H-x86_64-mingw32/nios2-elf/lib\libc.a(lib_a-exit.o)
 .debug_line    0x0000000000002491      0x15d d:/quartus/setup/nios2eds/bin/gnu/h-x86_64-mingw32/bin/../lib/gcc/nios2-elf/5.3.0/../../../../../H-x86_64-mingw32/nios2-elf/lib\libc.a(lib_a-impure.o)
 .debug_line    0x00000000000025ee       0x5c d:/quartus/setup/nios2eds/bin/gnu/h-x86_64-mingw32/bin/../lib/gcc/nios2-elf/5.3.0/../../../../../H-x86_64-mingw32/nios2-elf/lib\libc.a(lib_a-int_errno.o)
 .debug_line    0x000000000000264a      0x173 d:/quartus/setup/nios2eds/bin/gnu/h-x86_64-mingw32/bin/../lib/gcc/nios2-elf/5.3.0/../../../../../H-x86_64-mingw32/nios2-elf/lib\libc.a(lib_a-memcmp.o)
 .debug_line    0x00000000000027bd      0x189 d:/quartus/setup/nios2eds/bin/gnu/h-x86_64-mingw32/bin/../lib/gcc/nios2-elf/5.3.0/../../../../../H-x86_64-mingw32/nios2-elf/lib\libc.a(lib_a-memcpy.o)
 .debug_line    0x0000000000002946      0x21c d:/quartus/setup/nios2eds/bin/gnu/h-x86_64-mingw32/bin/../lib/gcc/nios2-elf/5.3.0/../../../../../H-x86_64-mingw32/nios2-elf/lib\libc.a(lib_a-__atexit.o)
 .debug_line    0x0000000000002b62      0x237 d:/quartus/setup/nios2eds/bin/gnu/h-x86_64-mingw32/bin/../lib/gcc/nios2-elf/5.3.0/../../../../../H-x86_64-mingw32/nios2-elf/lib\libc.a(lib_a-__call_atexit.o)
 .debug_line    0x0000000000002d99       0x71 ../test10_bsp/\libhal_bsp.a(alt_exit.o)

.debug_frame    0x0000000000000000      0xd84
 *(.debug_frame)
 .debug_frame   0x0000000000000000      0x1e4 obj/default/hello_world.o
 .debug_frame   0x00000000000001e4       0x50 d:/quartus/setup/nios2eds/bin/gnu/h-x86_64-mingw32/bin/../lib/gcc/nios2-elf/5.3.0\libgcc.a(lib2-divmod.o)
 .debug_frame   0x0000000000000234       0x20 d:/quartus/setup/nios2eds/bin/gnu/h-x86_64-mingw32/bin/../lib/gcc/nios2-elf/5.3.0/../../../../../H-x86_64-mingw32/nios2-elf/lib\libc.a(lib_a-strlen.o)
 .debug_frame   0x0000000000000254       0x5c ../test10_bsp/\libhal_bsp.a(alt_load.o)
 .debug_frame   0x00000000000002b0       0x2c ../test10_bsp/\libhal_bsp.a(alt_main.o)
 .debug_frame   0x00000000000002dc       0x88 ../test10_bsp/\libhal_bsp.a(alt_sys_init.o)
 .debug_frame   0x0000000000000364       0xb0 ../test10_bsp/\libhal_bsp.a(altera_avalon_jtag_uart_fd.o)
 .debug_frame   0x0000000000000414       0xa4 ../test10_bsp/\libhal_bsp.a(altera_avalon_jtag_uart_init.o)
 .debug_frame   0x00000000000004b8       0x34 ../test10_bsp/\libhal_bsp.a(altera_avalon_jtag_uart_ioctl.o)
 .debug_frame   0x00000000000004ec       0x38 ../test10_bsp/\libhal_bsp.a(altera_avalon_jtag_uart_read.o)
 .debug_frame   0x0000000000000524       0x38 ../test10_bsp/\libhal_bsp.a(altera_avalon_jtag_uart_write.o)
 .debug_frame   0x000000000000055c       0x60 ../test10_bsp/\libhal_bsp.a(altera_avalon_timer_sc.o)
 .debug_frame   0x00000000000005bc       0x7c ../test10_bsp/\libhal_bsp.a(altera_avalon_timer_ts.o)
 .debug_frame   0x0000000000000638       0x34 ../test10_bsp/\libhal_bsp.a(alt_alarm_start.o)
 .debug_frame   0x000000000000066c       0x60 ../test10_bsp/\libhal_bsp.a(alt_close.o)
 .debug_frame   0x00000000000006cc       0x34 ../test10_bsp/\libhal_bsp.a(alt_dcache_flush_all.o)
 .debug_frame   0x0000000000000700       0x34 ../test10_bsp/\libhal_bsp.a(alt_dev.o)
 .debug_frame   0x0000000000000734       0x60 ../test10_bsp/\libhal_bsp.a(alt_dev_llist_insert.o)
 .debug_frame   0x0000000000000794       0x38 ../test10_bsp/\libhal_bsp.a(alt_do_ctors.o)
 .debug_frame   0x00000000000007cc       0x38 ../test10_bsp/\libhal_bsp.a(alt_do_dtors.o)
 .debug_frame   0x0000000000000804       0x38 ../test10_bsp/\libhal_bsp.a(alt_icache_flush_all.o)
 .debug_frame   0x000000000000083c       0xa4 ../test10_bsp/\libhal_bsp.a(alt_iic.o)
 .debug_frame   0x00000000000008e0       0x38 ../test10_bsp/\libhal_bsp.a(alt_iic_isr_register.o)
 .debug_frame   0x0000000000000918       0x60 ../test10_bsp/\libhal_bsp.a(alt_io_redirect.o)
 .debug_frame   0x0000000000000978       0x38 ../test10_bsp/\libhal_bsp.a(alt_irq_handler.o)
 .debug_frame   0x00000000000009b0       0x84 ../test10_bsp/\libhal_bsp.a(alt_open.o)
 .debug_frame   0x0000000000000a34       0x34 ../test10_bsp/\libhal_bsp.a(alt_release_fd.o)
 .debug_frame   0x0000000000000a68       0x5c ../test10_bsp/\libhal_bsp.a(alt_tick.o)
 .debug_frame   0x0000000000000ac4       0x34 ../test10_bsp/\libhal_bsp.a(altera_nios2_gen2_irq.o)
 .debug_frame   0x0000000000000af8       0x38 ../test10_bsp/\libhal_bsp.a(alt_find_dev.o)
 .debug_frame   0x0000000000000b30       0x38 ../test10_bsp/\libhal_bsp.a(alt_find_file.o)
 .debug_frame   0x0000000000000b68       0x34 ../test10_bsp/\libhal_bsp.a(alt_get_fd.o)
 .debug_frame   0x0000000000000b9c       0x34 ../test10_bsp/\libhal_bsp.a(alt_icache_flush.o)
 .debug_frame   0x0000000000000bd0       0x5c ../test10_bsp/\libhal_bsp.a(alt_instruction_exception_entry.o)
 .debug_frame   0x0000000000000c2c       0x20 d:/quartus/setup/nios2eds/bin/gnu/h-x86_64-mingw32/bin/../lib/gcc/nios2-elf/5.3.0/../../../../../H-x86_64-mingw32/nios2-elf/lib\libc.a(lib_a-atexit.o)
 .debug_frame   0x0000000000000c4c       0x28 d:/quartus/setup/nios2eds/bin/gnu/h-x86_64-mingw32/bin/../lib/gcc/nios2-elf/5.3.0/../../../../../H-x86_64-mingw32/nios2-elf/lib\libc.a(lib_a-exit.o)
 .debug_frame   0x0000000000000c74       0x20 d:/quartus/setup/nios2eds/bin/gnu/h-x86_64-mingw32/bin/../lib/gcc/nios2-elf/5.3.0/../../../../../H-x86_64-mingw32/nios2-elf/lib\libc.a(lib_a-memcmp.o)
 .debug_frame   0x0000000000000c94       0x38 d:/quartus/setup/nios2eds/bin/gnu/h-x86_64-mingw32/bin/../lib/gcc/nios2-elf/5.3.0/../../../../../H-x86_64-mingw32/nios2-elf/lib\libc.a(lib_a-memcpy.o)
 .debug_frame   0x0000000000000ccc       0x38 d:/quartus/setup/nios2eds/bin/gnu/h-x86_64-mingw32/bin/../lib/gcc/nios2-elf/5.3.0/../../../../../H-x86_64-mingw32/nios2-elf/lib\libc.a(lib_a-__atexit.o)
 .debug_frame   0x0000000000000d04       0x54 d:/quartus/setup/nios2eds/bin/gnu/h-x86_64-mingw32/bin/../lib/gcc/nios2-elf/5.3.0/../../../../../H-x86_64-mingw32/nios2-elf/lib\libc.a(lib_a-__call_atexit.o)
 .debug_frame   0x0000000000000d58       0x2c ../test10_bsp/\libhal_bsp.a(alt_exit.o)

.debug_str      0x0000000000000000     0x1d51
 *(.debug_str)
 .debug_str     0x0000000000000000      0x23e obj/default/hello_world.o
                                        0x2af (size before relaxing)
 .debug_str     0x000000000000023e      0x16d d:/quartus/setup/nios2eds/bin/gnu/h-x86_64-mingw32/bin/../lib/gcc/nios2-elf/5.3.0\libgcc.a(lib2-divmod.o)
                                        0x1b8 (size before relaxing)
 .debug_str     0x00000000000003ab      0x139 d:/quartus/setup/nios2eds/bin/gnu/h-x86_64-mingw32/bin/../lib/gcc/nios2-elf/5.3.0/../../../../../H-x86_64-mingw32/nios2-elf/lib\libc.a(lib_a-strlen.o)
                                        0x1dd (size before relaxing)
 .debug_str     0x00000000000004e4      0x126 ../test10_bsp/\libhal_bsp.a(alt_load.o)
                                        0x212 (size before relaxing)
 .debug_str     0x000000000000060a       0x51 ../test10_bsp/\libhal_bsp.a(alt_main.o)
                                        0x19d (size before relaxing)
 .debug_str     0x000000000000065b      0x199 ../test10_bsp/\libhal_bsp.a(alt_sys_init.o)
                                        0x390 (size before relaxing)
 .debug_str     0x00000000000007f4       0xb9 ../test10_bsp/\libhal_bsp.a(altera_avalon_jtag_uart_fd.o)
                                        0x3a4 (size before relaxing)
 .debug_str     0x00000000000008ad       0xd1 ../test10_bsp/\libhal_bsp.a(altera_avalon_jtag_uart_init.o)
                                        0x338 (size before relaxing)
 .debug_str     0x000000000000097e       0x4a ../test10_bsp/\libhal_bsp.a(altera_avalon_jtag_uart_ioctl.o)
                                        0x293 (size before relaxing)
 .debug_str     0x00000000000009c8       0x7f ../test10_bsp/\libhal_bsp.a(altera_avalon_jtag_uart_read.o)
                                        0x2e8 (size before relaxing)
 .debug_str     0x0000000000000a47       0x4a ../test10_bsp/\libhal_bsp.a(altera_avalon_jtag_uart_write.o)
                                        0x2e9 (size before relaxing)
 .debug_str     0x0000000000000a91       0x6d ../test10_bsp/\libhal_bsp.a(altera_avalon_timer_sc.o)
                                        0x24b (size before relaxing)
 .debug_str     0x0000000000000afe       0x44 ../test10_bsp/\libhal_bsp.a(altera_avalon_timer_ts.o)
                                        0x204 (size before relaxing)
 .debug_str     0x0000000000000b42       0x27 ../test10_bsp/\libhal_bsp.a(altera_avalon_timer_vars.o)
                                        0x1b9 (size before relaxing)
 .debug_str     0x0000000000000b69       0x59 ../test10_bsp/\libhal_bsp.a(alt_alarm_start.o)
                                        0x27e (size before relaxing)
 .debug_str     0x0000000000000bc2       0x44 ../test10_bsp/\libhal_bsp.a(alt_close.o)
                                        0x20b (size before relaxing)
 .debug_str     0x0000000000000c06       0x34 ../test10_bsp/\libhal_bsp.a(alt_dcache_flush_all.o)
                                        0x155 (size before relaxing)
 .debug_str     0x0000000000000c3a      0x120 ../test10_bsp/\libhal_bsp.a(alt_dev.o)
                                        0x305 (size before relaxing)
 .debug_str     0x0000000000000d5a       0x34 ../test10_bsp/\libhal_bsp.a(alt_dev_llist_insert.o)
                                        0x1cc (size before relaxing)
 .debug_str     0x0000000000000d8e       0x48 ../test10_bsp/\libhal_bsp.a(alt_do_ctors.o)
                                         0xd0 (size before relaxing)
 .debug_str     0x0000000000000dd6       0x4c ../test10_bsp/\libhal_bsp.a(alt_do_dtors.o)
                                         0xcf (size before relaxing)
 .debug_str     0x0000000000000e22       0x14 ../test10_bsp/\libhal_bsp.a(alt_errno.o)
                                        0x145 (size before relaxing)
 .debug_str     0x0000000000000e36       0x34 ../test10_bsp/\libhal_bsp.a(alt_icache_flush_all.o)
                                        0x155 (size before relaxing)
 .debug_str     0x0000000000000e6a       0xc4 ../test10_bsp/\libhal_bsp.a(alt_iic.o)
                                        0x23e (size before relaxing)
 .debug_str     0x0000000000000f2e       0x4c ../test10_bsp/\libhal_bsp.a(alt_iic_isr_register.o)
                                        0x1e8 (size before relaxing)
 .debug_str     0x0000000000000f7a       0x56 ../test10_bsp/\libhal_bsp.a(alt_io_redirect.o)
                                        0x316 (size before relaxing)
 .debug_str     0x0000000000000fd0       0x3a ../test10_bsp/\libhal_bsp.a(alt_irq_handler.o)
                                        0x197 (size before relaxing)
 .debug_str     0x000000000000100a       0x17 ../test10_bsp/\libhal_bsp.a(alt_irq_vars.o)
                                        0x13a (size before relaxing)
 .debug_str     0x0000000000001021       0x2f ../test10_bsp/\libhal_bsp.a(alt_open.o)
                                        0x24b (size before relaxing)
 .debug_str     0x0000000000001050       0x28 ../test10_bsp/\libhal_bsp.a(alt_release_fd.o)
                                        0x1d3 (size before relaxing)
 .debug_str     0x0000000000001078       0x4a ../test10_bsp/\libhal_bsp.a(alt_tick.o)
                                        0x252 (size before relaxing)
 .debug_str     0x00000000000010c2       0x3b ../test10_bsp/\libhal_bsp.a(altera_nios2_gen2_irq.o)
                                        0x15c (size before relaxing)
 .debug_str     0x00000000000010fd       0x24 ../test10_bsp/\libhal_bsp.a(alt_find_dev.o)
                                        0x1ec (size before relaxing)
 .debug_str     0x0000000000001121       0x26 ../test10_bsp/\libhal_bsp.a(alt_find_file.o)
                                        0x1fa (size before relaxing)
 .debug_str     0x0000000000001147       0x30 ../test10_bsp/\libhal_bsp.a(alt_get_fd.o)
                                        0x21c (size before relaxing)
 .debug_str     0x0000000000001177       0x2c ../test10_bsp/\libhal_bsp.a(alt_icache_flush.o)
                                        0x15b (size before relaxing)
 .debug_str     0x00000000000011a3      0x48b ../test10_bsp/\libhal_bsp.a(alt_instruction_exception_entry.o)
                                        0x5a0 (size before relaxing)
 .debug_str     0x000000000000162e      0x102 d:/quartus/setup/nios2eds/bin/gnu/h-x86_64-mingw32/bin/../lib/gcc/nios2-elf/5.3.0/../../../../../H-x86_64-mingw32/nios2-elf/lib\libc.a(lib_a-atexit.o)
                                        0x207 (size before relaxing)
 .debug_str     0x0000000000001730      0x3ac d:/quartus/setup/nios2eds/bin/gnu/h-x86_64-mingw32/bin/../lib/gcc/nios2-elf/5.3.0/../../../../../H-x86_64-mingw32/nios2-elf/lib\libc.a(lib_a-exit.o)
                                        0x5a4 (size before relaxing)
 .debug_str     0x0000000000001adc       0xc8 d:/quartus/setup/nios2eds/bin/gnu/h-x86_64-mingw32/bin/../lib/gcc/nios2-elf/5.3.0/../../../../../H-x86_64-mingw32/nios2-elf/lib\libc.a(lib_a-impure.o)
                                        0x59b (size before relaxing)
 .debug_str     0x0000000000001ba4       0x3c d:/quartus/setup/nios2eds/bin/gnu/h-x86_64-mingw32/bin/../lib/gcc/nios2-elf/5.3.0/../../../../../H-x86_64-mingw32/nios2-elf/lib\libc.a(lib_a-int_errno.o)
                                        0x1c3 (size before relaxing)
 .debug_str     0x0000000000001be0       0x41 d:/quartus/setup/nios2eds/bin/gnu/h-x86_64-mingw32/bin/../lib/gcc/nios2-elf/5.3.0/../../../../../H-x86_64-mingw32/nios2-elf/lib\libc.a(lib_a-memcmp.o)
                                        0x1ca (size before relaxing)
 .debug_str     0x0000000000001c21       0x68 d:/quartus/setup/nios2eds/bin/gnu/h-x86_64-mingw32/bin/../lib/gcc/nios2-elf/5.3.0/../../../../../H-x86_64-mingw32/nios2-elf/lib\libc.a(lib_a-memcpy.o)
                                        0x1f1 (size before relaxing)
 .debug_str     0x0000000000001c89       0x3c d:/quartus/setup/nios2eds/bin/gnu/h-x86_64-mingw32/bin/../lib/gcc/nios2-elf/5.3.0/../../../../../H-x86_64-mingw32/nios2-elf/lib\libc.a(lib_a-__atexit.o)
                                        0x5dc (size before relaxing)
 .debug_str     0x0000000000001cc5       0x62 d:/quartus/setup/nios2eds/bin/gnu/h-x86_64-mingw32/bin/../lib/gcc/nios2-elf/5.3.0/../../../../../H-x86_64-mingw32/nios2-elf/lib\libc.a(lib_a-__call_atexit.o)
                                        0x5c8 (size before relaxing)
 .debug_str     0x0000000000001d27       0x2a ../test10_bsp/\libhal_bsp.a(alt_exit.o)
                                        0x151 (size before relaxing)

.debug_loc      0x0000000000000000      0xc3e
 *(.debug_loc)
 .debug_loc     0x0000000000000000      0x4ce d:/quartus/setup/nios2eds/bin/gnu/h-x86_64-mingw32/bin/../lib/gcc/nios2-elf/5.3.0\libgcc.a(lib2-divmod.o)
 .debug_loc     0x00000000000004ce       0x47 d:/quartus/setup/nios2eds/bin/gnu/h-x86_64-mingw32/bin/../lib/gcc/nios2-elf/5.3.0/../../../../../H-x86_64-mingw32/nios2-elf/lib\libc.a(lib_a-strlen.o)
 .debug_loc     0x0000000000000515       0x2c d:/quartus/setup/nios2eds/bin/gnu/h-x86_64-mingw32/bin/../lib/gcc/nios2-elf/5.3.0/../../../../../H-x86_64-mingw32/nios2-elf/lib\libc.a(lib_a-atexit.o)
 .debug_loc     0x0000000000000541       0x1e d:/quartus/setup/nios2eds/bin/gnu/h-x86_64-mingw32/bin/../lib/gcc/nios2-elf/5.3.0/../../../../../H-x86_64-mingw32/nios2-elf/lib\libc.a(lib_a-exit.o)
 .debug_loc     0x000000000000055f      0x126 d:/quartus/setup/nios2eds/bin/gnu/h-x86_64-mingw32/bin/../lib/gcc/nios2-elf/5.3.0/../../../../../H-x86_64-mingw32/nios2-elf/lib\libc.a(lib_a-memcmp.o)
 .debug_loc     0x0000000000000685      0x266 d:/quartus/setup/nios2eds/bin/gnu/h-x86_64-mingw32/bin/../lib/gcc/nios2-elf/5.3.0/../../../../../H-x86_64-mingw32/nios2-elf/lib\libc.a(lib_a-memcpy.o)
 .debug_loc     0x00000000000008eb      0x185 d:/quartus/setup/nios2eds/bin/gnu/h-x86_64-mingw32/bin/../lib/gcc/nios2-elf/5.3.0/../../../../../H-x86_64-mingw32/nios2-elf/lib\libc.a(lib_a-__atexit.o)
 .debug_loc     0x0000000000000a70      0x1ce d:/quartus/setup/nios2eds/bin/gnu/h-x86_64-mingw32/bin/../lib/gcc/nios2-elf/5.3.0/../../../../../H-x86_64-mingw32/nios2-elf/lib\libc.a(lib_a-__call_atexit.o)

.debug_macinfo
 *(.debug_macinfo)

.debug_weaknames
 *(.debug_weaknames)

.debug_funcnames
 *(.debug_funcnames)

.debug_typenames
 *(.debug_typenames)

.debug_varnames
 *(.debug_varnames)

.debug_alt_sim_info
                0x0000000000000000       0x30
 *(.debug_alt_sim_info)
 .debug_alt_sim_info
                0x0000000000000000       0x30 ../test10_bsp//obj/HAL/src/crt0.o
                0x0000000004000000                __alt_data_end = 0x4000000
                0x0000000004000000                PROVIDE (__alt_stack_pointer, __alt_data_end)
                [!provide]                        PROVIDE (__alt_stack_limit, __alt_stack_base)
                [!provide]                        PROVIDE (__alt_heap_start, end)
                [!provide]                        PROVIDE (__alt_heap_limit, 0x4000000)
OUTPUT(test10.elf elf32-littlenios2)

.debug_ranges   0x0000000000000000      0x1d8
 .debug_ranges  0x0000000000000000       0x20 ../test10_bsp//obj/HAL/src/crt0.o
 .debug_ranges  0x0000000000000020       0x60 d:/quartus/setup/nios2eds/bin/gnu/h-x86_64-mingw32/bin/../lib/gcc/nios2-elf/5.3.0\libgcc.a(lib2-divmod.o)
 .debug_ranges  0x0000000000000080       0x10 d:/quartus/setup/nios2eds/bin/gnu/h-x86_64-mingw32/bin/../lib/gcc/nios2-elf/5.3.0/../../../../../H-x86_64-mingw32/nios2-elf/lib\libc.a(lib_a-strlen.o)
 .debug_ranges  0x0000000000000090       0x30 ../test10_bsp/\libhal_bsp.a(altera_avalon_jtag_uart_init.o)
 .debug_ranges  0x00000000000000c0       0x18 ../test10_bsp/\libhal_bsp.a(altera_avalon_jtag_uart_read.o)
 .debug_ranges  0x00000000000000d8       0x28 ../test10_bsp/\libhal_bsp.a(alt_irq_entry.o)
 .debug_ranges  0x0000000000000100       0x10 ../test10_bsp/\libhal_bsp.a(alt_irq_handler.o)
 .debug_ranges  0x0000000000000110       0x30 ../test10_bsp/\libhal_bsp.a(alt_exception_entry.o)
 .debug_ranges  0x0000000000000140       0x18 ../test10_bsp/\libhal_bsp.a(alt_instruction_exception_entry.o)
 .debug_ranges  0x0000000000000158       0x10 d:/quartus/setup/nios2eds/bin/gnu/h-x86_64-mingw32/bin/../lib/gcc/nios2-elf/5.3.0/../../../../../H-x86_64-mingw32/nios2-elf/lib\libc.a(lib_a-atexit.o)
 .debug_ranges  0x0000000000000168       0x10 d:/quartus/setup/nios2eds/bin/gnu/h-x86_64-mingw32/bin/../lib/gcc/nios2-elf/5.3.0/../../../../../H-x86_64-mingw32/nios2-elf/lib\libc.a(lib_a-exit.o)
 .debug_ranges  0x0000000000000178       0x10 d:/quartus/setup/nios2eds/bin/gnu/h-x86_64-mingw32/bin/../lib/gcc/nios2-elf/5.3.0/../../../../../H-x86_64-mingw32/nios2-elf/lib\libc.a(lib_a-memcmp.o)
 .debug_ranges  0x0000000000000188       0x10 d:/quartus/setup/nios2eds/bin/gnu/h-x86_64-mingw32/bin/../lib/gcc/nios2-elf/5.3.0/../../../../../H-x86_64-mingw32/nios2-elf/lib\libc.a(lib_a-memcpy.o)
 .debug_ranges  0x0000000000000198       0x10 d:/quartus/setup/nios2eds/bin/gnu/h-x86_64-mingw32/bin/../lib/gcc/nios2-elf/5.3.0/../../../../../H-x86_64-mingw32/nios2-elf/lib\libc.a(lib_a-__atexit.o)
 .debug_ranges  0x00000000000001a8       0x30 d:/quartus/setup/nios2eds/bin/gnu/h-x86_64-mingw32/bin/../lib/gcc/nios2-elf/5.3.0/../../../../../H-x86_64-mingw32/nios2-elf/lib\libc.a(lib_a-__call_atexit.o)
